[2025-04-14 14:29:24] local.ERROR: Database file at path [C:\Users\Asus\Documents\GitHub\pinkappsys\ADMIN\database\database.sqlite] does not exist. Ensure this is an absolute path to the database. (Connection: sqlite, SQL: delete from "cache") {"exception":"[object] (Illuminate\\Database\\QueryException(code: 0): Database file at path [C:\\Users\\Asus\\Documents\\GitHub\\pinkappsys\\ADMIN\\database\\database.sqlite] does not exist. Ensure this is an absolute path to the database. (Connection: sqlite, SQL: delete from \"cache\") at C:\\Users\\Asus\\Documents\\GitHub\\pinkappsys\\ADMIN\\vendor\\laravel\\framework\\src\\Illuminate\\Database\\Connection.php:822)
[stacktrace]
#0 C:\\Users\\Asus\\Documents\\GitHub\\pinkappsys\\ADMIN\\vendor\\laravel\\framework\\src\\Illuminate\\Database\\Connection.php(776): Illuminate\\Database\\Connection->runQueryCallback()
#1 C:\\Users\\Asus\\Documents\\GitHub\\pinkappsys\\ADMIN\\vendor\\laravel\\framework\\src\\Illuminate\\Database\\Connection.php(581): Illuminate\\Database\\Connection->run()
#2 C:\\Users\\Asus\\Documents\\GitHub\\pinkappsys\\ADMIN\\vendor\\laravel\\framework\\src\\Illuminate\\Database\\Connection.php(545): Illuminate\\Database\\Connection->affectingStatement()
#3 C:\\Users\\Asus\\Documents\\GitHub\\pinkappsys\\ADMIN\\vendor\\laravel\\framework\\src\\Illuminate\\Database\\Query\\Builder.php(4027): Illuminate\\Database\\Connection->delete()
#4 C:\\Users\\Asus\\Documents\\GitHub\\pinkappsys\\ADMIN\\vendor\\laravel\\framework\\src\\Illuminate\\Cache\\DatabaseStore.php(421): Illuminate\\Database\\Query\\Builder->delete()
#5 C:\\Users\\Asus\\Documents\\GitHub\\pinkappsys\\ADMIN\\vendor\\laravel\\framework\\src\\Illuminate\\Cache\\Repository.php(803): Illuminate\\Cache\\DatabaseStore->flush()
#6 C:\\Users\\Asus\\Documents\\GitHub\\pinkappsys\\ADMIN\\vendor\\laravel\\framework\\src\\Illuminate\\Cache\\Console\\ClearCommand.php(68): Illuminate\\Cache\\Repository->__call()
#7 C:\\Users\\Asus\\Documents\\GitHub\\pinkappsys\\ADMIN\\vendor\\laravel\\framework\\src\\Illuminate\\Container\\BoundMethod.php(36): Illuminate\\Cache\\Console\\ClearCommand->handle()
#8 C:\\Users\\Asus\\Documents\\GitHub\\pinkappsys\\ADMIN\\vendor\\laravel\\framework\\src\\Illuminate\\Container\\Util.php(43): Illuminate\\Container\\BoundMethod::{closure:Illuminate\\Container\\BoundMethod::call():35}()
#9 C:\\Users\\Asus\\Documents\\GitHub\\pinkappsys\\ADMIN\\vendor\\laravel\\framework\\src\\Illuminate\\Container\\BoundMethod.php(96): Illuminate\\Container\\Util::unwrapIfClosure()
#10 C:\\Users\\Asus\\Documents\\GitHub\\pinkappsys\\ADMIN\\vendor\\laravel\\framework\\src\\Illuminate\\Container\\BoundMethod.php(35): Illuminate\\Container\\BoundMethod::callBoundMethod()
#11 C:\\Users\\Asus\\Documents\\GitHub\\pinkappsys\\ADMIN\\vendor\\laravel\\framework\\src\\Illuminate\\Container\\Container.php(754): Illuminate\\Container\\BoundMethod::call()
#12 C:\\Users\\Asus\\Documents\\GitHub\\pinkappsys\\ADMIN\\vendor\\laravel\\framework\\src\\Illuminate\\Console\\Command.php(211): Illuminate\\Container\\Container->call()
#13 C:\\Users\\Asus\\Documents\\GitHub\\pinkappsys\\ADMIN\\vendor\\symfony\\console\\Command\\Command.php(279): Illuminate\\Console\\Command->execute()
#14 C:\\Users\\Asus\\Documents\\GitHub\\pinkappsys\\ADMIN\\vendor\\laravel\\framework\\src\\Illuminate\\Console\\Command.php(180): Symfony\\Component\\Console\\Command\\Command->run()
#15 C:\\Users\\Asus\\Documents\\GitHub\\pinkappsys\\ADMIN\\vendor\\symfony\\console\\Application.php(1094): Illuminate\\Console\\Command->run()
#16 C:\\Users\\Asus\\Documents\\GitHub\\pinkappsys\\ADMIN\\vendor\\symfony\\console\\Application.php(342): Symfony\\Component\\Console\\Application->doRunCommand()
#17 C:\\Users\\Asus\\Documents\\GitHub\\pinkappsys\\ADMIN\\vendor\\symfony\\console\\Application.php(193): Symfony\\Component\\Console\\Application->doRun()
#18 C:\\Users\\Asus\\Documents\\GitHub\\pinkappsys\\ADMIN\\vendor\\laravel\\framework\\src\\Illuminate\\Foundation\\Console\\Kernel.php(197): Symfony\\Component\\Console\\Application->run()
#19 C:\\Users\\Asus\\Documents\\GitHub\\pinkappsys\\ADMIN\\vendor\\laravel\\framework\\src\\Illuminate\\Foundation\\Application.php(1234): Illuminate\\Foundation\\Console\\Kernel->handle()
#20 C:\\Users\\Asus\\Documents\\GitHub\\pinkappsys\\ADMIN\\artisan(16): Illuminate\\Foundation\\Application->handleCommand()
#21 {main}

[previous exception] [object] (Illuminate\\Database\\SQLiteDatabaseDoesNotExistException(code: 0): Database file at path [C:\\Users\\Asus\\Documents\\GitHub\\pinkappsys\\ADMIN\\database\\database.sqlite] does not exist. Ensure this is an absolute path to the database. at C:\\Users\\Asus\\Documents\\GitHub\\pinkappsys\\ADMIN\\vendor\\laravel\\framework\\src\\Illuminate\\Database\\Connectors\\SQLiteConnector.php:59)
[stacktrace]
#0 C:\\Users\\Asus\\Documents\\GitHub\\pinkappsys\\ADMIN\\vendor\\laravel\\framework\\src\\Illuminate\\Database\\Connectors\\SQLiteConnector.php(19): Illuminate\\Database\\Connectors\\SQLiteConnector->parseDatabasePath()
#1 C:\\Users\\Asus\\Documents\\GitHub\\pinkappsys\\ADMIN\\vendor\\laravel\\framework\\src\\Illuminate\\Database\\Connectors\\ConnectionFactory.php(223): Illuminate\\Database\\Connectors\\SQLiteConnector->connect()
#2 [internal function]: Illuminate\\Database\\Connectors\\ConnectionFactory->{closure:Illuminate\\Database\\Connectors\\ConnectionFactory::createPdoResolverWithoutHosts():223}()
#3 C:\\Users\\Asus\\Documents\\GitHub\\pinkappsys\\ADMIN\\vendor\\laravel\\framework\\src\\Illuminate\\Database\\Connection.php(1228): call_user_func()
#4 C:\\Users\\Asus\\Documents\\GitHub\\pinkappsys\\ADMIN\\vendor\\laravel\\framework\\src\\Illuminate\\Database\\Connection.php(589): Illuminate\\Database\\Connection->getPdo()
#5 C:\\Users\\Asus\\Documents\\GitHub\\pinkappsys\\ADMIN\\vendor\\laravel\\framework\\src\\Illuminate\\Database\\Connection.php(809): Illuminate\\Database\\Connection->{closure:Illuminate\\Database\\Connection::affectingStatement():581}()
#6 C:\\Users\\Asus\\Documents\\GitHub\\pinkappsys\\ADMIN\\vendor\\laravel\\framework\\src\\Illuminate\\Database\\Connection.php(776): Illuminate\\Database\\Connection->runQueryCallback()
#7 C:\\Users\\Asus\\Documents\\GitHub\\pinkappsys\\ADMIN\\vendor\\laravel\\framework\\src\\Illuminate\\Database\\Connection.php(581): Illuminate\\Database\\Connection->run()
#8 C:\\Users\\Asus\\Documents\\GitHub\\pinkappsys\\ADMIN\\vendor\\laravel\\framework\\src\\Illuminate\\Database\\Connection.php(545): Illuminate\\Database\\Connection->affectingStatement()
#9 C:\\Users\\Asus\\Documents\\GitHub\\pinkappsys\\ADMIN\\vendor\\laravel\\framework\\src\\Illuminate\\Database\\Query\\Builder.php(4027): Illuminate\\Database\\Connection->delete()
#10 C:\\Users\\Asus\\Documents\\GitHub\\pinkappsys\\ADMIN\\vendor\\laravel\\framework\\src\\Illuminate\\Cache\\DatabaseStore.php(421): Illuminate\\Database\\Query\\Builder->delete()
#11 C:\\Users\\Asus\\Documents\\GitHub\\pinkappsys\\ADMIN\\vendor\\laravel\\framework\\src\\Illuminate\\Cache\\Repository.php(803): Illuminate\\Cache\\DatabaseStore->flush()
#12 C:\\Users\\Asus\\Documents\\GitHub\\pinkappsys\\ADMIN\\vendor\\laravel\\framework\\src\\Illuminate\\Cache\\Console\\ClearCommand.php(68): Illuminate\\Cache\\Repository->__call()
#13 C:\\Users\\Asus\\Documents\\GitHub\\pinkappsys\\ADMIN\\vendor\\laravel\\framework\\src\\Illuminate\\Container\\BoundMethod.php(36): Illuminate\\Cache\\Console\\ClearCommand->handle()
#14 C:\\Users\\Asus\\Documents\\GitHub\\pinkappsys\\ADMIN\\vendor\\laravel\\framework\\src\\Illuminate\\Container\\Util.php(43): Illuminate\\Container\\BoundMethod::{closure:Illuminate\\Container\\BoundMethod::call():35}()
#15 C:\\Users\\Asus\\Documents\\GitHub\\pinkappsys\\ADMIN\\vendor\\laravel\\framework\\src\\Illuminate\\Container\\BoundMethod.php(96): Illuminate\\Container\\Util::unwrapIfClosure()
#16 C:\\Users\\Asus\\Documents\\GitHub\\pinkappsys\\ADMIN\\vendor\\laravel\\framework\\src\\Illuminate\\Container\\BoundMethod.php(35): Illuminate\\Container\\BoundMethod::callBoundMethod()
#17 C:\\Users\\Asus\\Documents\\GitHub\\pinkappsys\\ADMIN\\vendor\\laravel\\framework\\src\\Illuminate\\Container\\Container.php(754): Illuminate\\Container\\BoundMethod::call()
#18 C:\\Users\\Asus\\Documents\\GitHub\\pinkappsys\\ADMIN\\vendor\\laravel\\framework\\src\\Illuminate\\Console\\Command.php(211): Illuminate\\Container\\Container->call()
#19 C:\\Users\\Asus\\Documents\\GitHub\\pinkappsys\\ADMIN\\vendor\\symfony\\console\\Command\\Command.php(279): Illuminate\\Console\\Command->execute()
#20 C:\\Users\\Asus\\Documents\\GitHub\\pinkappsys\\ADMIN\\vendor\\laravel\\framework\\src\\Illuminate\\Console\\Command.php(180): Symfony\\Component\\Console\\Command\\Command->run()
#21 C:\\Users\\Asus\\Documents\\GitHub\\pinkappsys\\ADMIN\\vendor\\symfony\\console\\Application.php(1094): Illuminate\\Console\\Command->run()
#22 C:\\Users\\Asus\\Documents\\GitHub\\pinkappsys\\ADMIN\\vendor\\symfony\\console\\Application.php(342): Symfony\\Component\\Console\\Application->doRunCommand()
#23 C:\\Users\\Asus\\Documents\\GitHub\\pinkappsys\\ADMIN\\vendor\\symfony\\console\\Application.php(193): Symfony\\Component\\Console\\Application->doRun()
#24 C:\\Users\\Asus\\Documents\\GitHub\\pinkappsys\\ADMIN\\vendor\\laravel\\framework\\src\\Illuminate\\Foundation\\Console\\Kernel.php(197): Symfony\\Component\\Console\\Application->run()
#25 C:\\Users\\Asus\\Documents\\GitHub\\pinkappsys\\ADMIN\\vendor\\laravel\\framework\\src\\Illuminate\\Foundation\\Application.php(1234): Illuminate\\Foundation\\Console\\Kernel->handle()
#26 C:\\Users\\Asus\\Documents\\GitHub\\pinkappsys\\ADMIN\\artisan(16): Illuminate\\Foundation\\Application->handleCommand()
#27 {main}
"} 
[2025-04-14 14:34:00] local.ERROR: Database file at path [C:\Users\Asus\Documents\GitHub\pinkappsys\ADMIN\database\database.sqlite] does not exist. Ensure this is an absolute path to the database. (Connection: sqlite, SQL: delete from "cache") {"exception":"[object] (Illuminate\\Database\\QueryException(code: 0): Database file at path [C:\\Users\\Asus\\Documents\\GitHub\\pinkappsys\\ADMIN\\database\\database.sqlite] does not exist. Ensure this is an absolute path to the database. (Connection: sqlite, SQL: delete from \"cache\") at C:\\Users\\Asus\\Documents\\GitHub\\pinkappsys\\ADMIN\\vendor\\laravel\\framework\\src\\Illuminate\\Database\\Connection.php:822)
[stacktrace]
#0 C:\\Users\\Asus\\Documents\\GitHub\\pinkappsys\\ADMIN\\vendor\\laravel\\framework\\src\\Illuminate\\Database\\Connection.php(776): Illuminate\\Database\\Connection->runQueryCallback()
#1 C:\\Users\\Asus\\Documents\\GitHub\\pinkappsys\\ADMIN\\vendor\\laravel\\framework\\src\\Illuminate\\Database\\Connection.php(581): Illuminate\\Database\\Connection->run()
#2 C:\\Users\\Asus\\Documents\\GitHub\\pinkappsys\\ADMIN\\vendor\\laravel\\framework\\src\\Illuminate\\Database\\Connection.php(545): Illuminate\\Database\\Connection->affectingStatement()
#3 C:\\Users\\Asus\\Documents\\GitHub\\pinkappsys\\ADMIN\\vendor\\laravel\\framework\\src\\Illuminate\\Database\\Query\\Builder.php(4027): Illuminate\\Database\\Connection->delete()
#4 C:\\Users\\Asus\\Documents\\GitHub\\pinkappsys\\ADMIN\\vendor\\laravel\\framework\\src\\Illuminate\\Cache\\DatabaseStore.php(421): Illuminate\\Database\\Query\\Builder->delete()
#5 C:\\Users\\Asus\\Documents\\GitHub\\pinkappsys\\ADMIN\\vendor\\laravel\\framework\\src\\Illuminate\\Cache\\Repository.php(803): Illuminate\\Cache\\DatabaseStore->flush()
#6 C:\\Users\\Asus\\Documents\\GitHub\\pinkappsys\\ADMIN\\vendor\\laravel\\framework\\src\\Illuminate\\Cache\\Console\\ClearCommand.php(68): Illuminate\\Cache\\Repository->__call()
#7 C:\\Users\\Asus\\Documents\\GitHub\\pinkappsys\\ADMIN\\vendor\\laravel\\framework\\src\\Illuminate\\Container\\BoundMethod.php(36): Illuminate\\Cache\\Console\\ClearCommand->handle()
#8 C:\\Users\\Asus\\Documents\\GitHub\\pinkappsys\\ADMIN\\vendor\\laravel\\framework\\src\\Illuminate\\Container\\Util.php(43): Illuminate\\Container\\BoundMethod::{closure:Illuminate\\Container\\BoundMethod::call():35}()
#9 C:\\Users\\Asus\\Documents\\GitHub\\pinkappsys\\ADMIN\\vendor\\laravel\\framework\\src\\Illuminate\\Container\\BoundMethod.php(96): Illuminate\\Container\\Util::unwrapIfClosure()
#10 C:\\Users\\Asus\\Documents\\GitHub\\pinkappsys\\ADMIN\\vendor\\laravel\\framework\\src\\Illuminate\\Container\\BoundMethod.php(35): Illuminate\\Container\\BoundMethod::callBoundMethod()
#11 C:\\Users\\Asus\\Documents\\GitHub\\pinkappsys\\ADMIN\\vendor\\laravel\\framework\\src\\Illuminate\\Container\\Container.php(754): Illuminate\\Container\\BoundMethod::call()
#12 C:\\Users\\Asus\\Documents\\GitHub\\pinkappsys\\ADMIN\\vendor\\laravel\\framework\\src\\Illuminate\\Console\\Command.php(211): Illuminate\\Container\\Container->call()
#13 C:\\Users\\Asus\\Documents\\GitHub\\pinkappsys\\ADMIN\\vendor\\symfony\\console\\Command\\Command.php(279): Illuminate\\Console\\Command->execute()
#14 C:\\Users\\Asus\\Documents\\GitHub\\pinkappsys\\ADMIN\\vendor\\laravel\\framework\\src\\Illuminate\\Console\\Command.php(180): Symfony\\Component\\Console\\Command\\Command->run()
#15 C:\\Users\\Asus\\Documents\\GitHub\\pinkappsys\\ADMIN\\vendor\\symfony\\console\\Application.php(1094): Illuminate\\Console\\Command->run()
#16 C:\\Users\\Asus\\Documents\\GitHub\\pinkappsys\\ADMIN\\vendor\\symfony\\console\\Application.php(342): Symfony\\Component\\Console\\Application->doRunCommand()
#17 C:\\Users\\Asus\\Documents\\GitHub\\pinkappsys\\ADMIN\\vendor\\symfony\\console\\Application.php(193): Symfony\\Component\\Console\\Application->doRun()
#18 C:\\Users\\Asus\\Documents\\GitHub\\pinkappsys\\ADMIN\\vendor\\laravel\\framework\\src\\Illuminate\\Foundation\\Console\\Kernel.php(197): Symfony\\Component\\Console\\Application->run()
#19 C:\\Users\\Asus\\Documents\\GitHub\\pinkappsys\\ADMIN\\vendor\\laravel\\framework\\src\\Illuminate\\Foundation\\Application.php(1234): Illuminate\\Foundation\\Console\\Kernel->handle()
#20 C:\\Users\\Asus\\Documents\\GitHub\\pinkappsys\\ADMIN\\artisan(16): Illuminate\\Foundation\\Application->handleCommand()
#21 {main}

[previous exception] [object] (Illuminate\\Database\\SQLiteDatabaseDoesNotExistException(code: 0): Database file at path [C:\\Users\\Asus\\Documents\\GitHub\\pinkappsys\\ADMIN\\database\\database.sqlite] does not exist. Ensure this is an absolute path to the database. at C:\\Users\\Asus\\Documents\\GitHub\\pinkappsys\\ADMIN\\vendor\\laravel\\framework\\src\\Illuminate\\Database\\Connectors\\SQLiteConnector.php:59)
[stacktrace]
#0 C:\\Users\\Asus\\Documents\\GitHub\\pinkappsys\\ADMIN\\vendor\\laravel\\framework\\src\\Illuminate\\Database\\Connectors\\SQLiteConnector.php(19): Illuminate\\Database\\Connectors\\SQLiteConnector->parseDatabasePath()
#1 C:\\Users\\Asus\\Documents\\GitHub\\pinkappsys\\ADMIN\\vendor\\laravel\\framework\\src\\Illuminate\\Database\\Connectors\\ConnectionFactory.php(223): Illuminate\\Database\\Connectors\\SQLiteConnector->connect()
#2 [internal function]: Illuminate\\Database\\Connectors\\ConnectionFactory->{closure:Illuminate\\Database\\Connectors\\ConnectionFactory::createPdoResolverWithoutHosts():223}()
#3 C:\\Users\\Asus\\Documents\\GitHub\\pinkappsys\\ADMIN\\vendor\\laravel\\framework\\src\\Illuminate\\Database\\Connection.php(1228): call_user_func()
#4 C:\\Users\\Asus\\Documents\\GitHub\\pinkappsys\\ADMIN\\vendor\\laravel\\framework\\src\\Illuminate\\Database\\Connection.php(589): Illuminate\\Database\\Connection->getPdo()
#5 C:\\Users\\Asus\\Documents\\GitHub\\pinkappsys\\ADMIN\\vendor\\laravel\\framework\\src\\Illuminate\\Database\\Connection.php(809): Illuminate\\Database\\Connection->{closure:Illuminate\\Database\\Connection::affectingStatement():581}()
#6 C:\\Users\\Asus\\Documents\\GitHub\\pinkappsys\\ADMIN\\vendor\\laravel\\framework\\src\\Illuminate\\Database\\Connection.php(776): Illuminate\\Database\\Connection->runQueryCallback()
#7 C:\\Users\\Asus\\Documents\\GitHub\\pinkappsys\\ADMIN\\vendor\\laravel\\framework\\src\\Illuminate\\Database\\Connection.php(581): Illuminate\\Database\\Connection->run()
#8 C:\\Users\\Asus\\Documents\\GitHub\\pinkappsys\\ADMIN\\vendor\\laravel\\framework\\src\\Illuminate\\Database\\Connection.php(545): Illuminate\\Database\\Connection->affectingStatement()
#9 C:\\Users\\Asus\\Documents\\GitHub\\pinkappsys\\ADMIN\\vendor\\laravel\\framework\\src\\Illuminate\\Database\\Query\\Builder.php(4027): Illuminate\\Database\\Connection->delete()
#10 C:\\Users\\Asus\\Documents\\GitHub\\pinkappsys\\ADMIN\\vendor\\laravel\\framework\\src\\Illuminate\\Cache\\DatabaseStore.php(421): Illuminate\\Database\\Query\\Builder->delete()
#11 C:\\Users\\Asus\\Documents\\GitHub\\pinkappsys\\ADMIN\\vendor\\laravel\\framework\\src\\Illuminate\\Cache\\Repository.php(803): Illuminate\\Cache\\DatabaseStore->flush()
#12 C:\\Users\\Asus\\Documents\\GitHub\\pinkappsys\\ADMIN\\vendor\\laravel\\framework\\src\\Illuminate\\Cache\\Console\\ClearCommand.php(68): Illuminate\\Cache\\Repository->__call()
#13 C:\\Users\\Asus\\Documents\\GitHub\\pinkappsys\\ADMIN\\vendor\\laravel\\framework\\src\\Illuminate\\Container\\BoundMethod.php(36): Illuminate\\Cache\\Console\\ClearCommand->handle()
#14 C:\\Users\\Asus\\Documents\\GitHub\\pinkappsys\\ADMIN\\vendor\\laravel\\framework\\src\\Illuminate\\Container\\Util.php(43): Illuminate\\Container\\BoundMethod::{closure:Illuminate\\Container\\BoundMethod::call():35}()
#15 C:\\Users\\Asus\\Documents\\GitHub\\pinkappsys\\ADMIN\\vendor\\laravel\\framework\\src\\Illuminate\\Container\\BoundMethod.php(96): Illuminate\\Container\\Util::unwrapIfClosure()
#16 C:\\Users\\Asus\\Documents\\GitHub\\pinkappsys\\ADMIN\\vendor\\laravel\\framework\\src\\Illuminate\\Container\\BoundMethod.php(35): Illuminate\\Container\\BoundMethod::callBoundMethod()
#17 C:\\Users\\Asus\\Documents\\GitHub\\pinkappsys\\ADMIN\\vendor\\laravel\\framework\\src\\Illuminate\\Container\\Container.php(754): Illuminate\\Container\\BoundMethod::call()
#18 C:\\Users\\Asus\\Documents\\GitHub\\pinkappsys\\ADMIN\\vendor\\laravel\\framework\\src\\Illuminate\\Console\\Command.php(211): Illuminate\\Container\\Container->call()
#19 C:\\Users\\Asus\\Documents\\GitHub\\pinkappsys\\ADMIN\\vendor\\symfony\\console\\Command\\Command.php(279): Illuminate\\Console\\Command->execute()
#20 C:\\Users\\Asus\\Documents\\GitHub\\pinkappsys\\ADMIN\\vendor\\laravel\\framework\\src\\Illuminate\\Console\\Command.php(180): Symfony\\Component\\Console\\Command\\Command->run()
#21 C:\\Users\\Asus\\Documents\\GitHub\\pinkappsys\\ADMIN\\vendor\\symfony\\console\\Application.php(1094): Illuminate\\Console\\Command->run()
#22 C:\\Users\\Asus\\Documents\\GitHub\\pinkappsys\\ADMIN\\vendor\\symfony\\console\\Application.php(342): Symfony\\Component\\Console\\Application->doRunCommand()
#23 C:\\Users\\Asus\\Documents\\GitHub\\pinkappsys\\ADMIN\\vendor\\symfony\\console\\Application.php(193): Symfony\\Component\\Console\\Application->doRun()
#24 C:\\Users\\Asus\\Documents\\GitHub\\pinkappsys\\ADMIN\\vendor\\laravel\\framework\\src\\Illuminate\\Foundation\\Console\\Kernel.php(197): Symfony\\Component\\Console\\Application->run()
#25 C:\\Users\\Asus\\Documents\\GitHub\\pinkappsys\\ADMIN\\vendor\\laravel\\framework\\src\\Illuminate\\Foundation\\Application.php(1234): Illuminate\\Foundation\\Console\\Kernel->handle()
#26 C:\\Users\\Asus\\Documents\\GitHub\\pinkappsys\\ADMIN\\artisan(16): Illuminate\\Foundation\\Application->handleCommand()
#27 {main}
"} 
[2025-04-15 14:30:43] local.ERROR: No application encryption key has been specified. {"exception":"[object] (Illuminate\\Encryption\\MissingAppKeyException(code: 0): No application encryption key has been specified. at C:\\Users\\Asus\\Documents\\GitHub\\pinkappsys\\ADMIN\\vendor\\laravel\\framework\\src\\Illuminate\\Encryption\\EncryptionServiceProvider.php:83)
[stacktrace]
#0 C:\\Users\\Asus\\Documents\\GitHub\\pinkappsys\\ADMIN\\vendor\\laravel\\framework\\src\\Illuminate\\Support\\helpers.php(399): Illuminate\\Encryption\\EncryptionServiceProvider->{closure:Illuminate\\Encryption\\EncryptionServiceProvider::key():81}()
#1 C:\\Users\\Asus\\Documents\\GitHub\\pinkappsys\\ADMIN\\vendor\\laravel\\framework\\src\\Illuminate\\Encryption\\EncryptionServiceProvider.php(81): tap()
#2 C:\\Users\\Asus\\Documents\\GitHub\\pinkappsys\\ADMIN\\vendor\\laravel\\framework\\src\\Illuminate\\Encryption\\EncryptionServiceProvider.php(64): Illuminate\\Encryption\\EncryptionServiceProvider->key()
#3 C:\\Users\\Asus\\Documents\\GitHub\\pinkappsys\\ADMIN\\vendor\\laravel\\framework\\src\\Illuminate\\Encryption\\EncryptionServiceProvider.php(32): Illuminate\\Encryption\\EncryptionServiceProvider->parseKey()
#4 C:\\Users\\Asus\\Documents\\GitHub\\pinkappsys\\ADMIN\\vendor\\laravel\\framework\\src\\Illuminate\\Container\\Container.php(1010): Illuminate\\Encryption\\EncryptionServiceProvider->{closure:Illuminate\\Encryption\\EncryptionServiceProvider::registerEncrypter():29}()
#5 C:\\Users\\Asus\\Documents\\GitHub\\pinkappsys\\ADMIN\\vendor\\laravel\\framework\\src\\Illuminate\\Container\\Container.php(890): Illuminate\\Container\\Container->build()
#6 C:\\Users\\Asus\\Documents\\GitHub\\pinkappsys\\ADMIN\\vendor\\laravel\\framework\\src\\Illuminate\\Foundation\\Application.php(1077): Illuminate\\Container\\Container->resolve()
#7 C:\\Users\\Asus\\Documents\\GitHub\\pinkappsys\\ADMIN\\vendor\\laravel\\framework\\src\\Illuminate\\Container\\Container.php(821): Illuminate\\Foundation\\Application->resolve()
#8 C:\\Users\\Asus\\Documents\\GitHub\\pinkappsys\\ADMIN\\vendor\\laravel\\framework\\src\\Illuminate\\Foundation\\Application.php(1057): Illuminate\\Container\\Container->make()
#9 C:\\Users\\Asus\\Documents\\GitHub\\pinkappsys\\ADMIN\\vendor\\laravel\\framework\\src\\Illuminate\\Container\\Container.php(1202): Illuminate\\Foundation\\Application->make()
#10 C:\\Users\\Asus\\Documents\\GitHub\\pinkappsys\\ADMIN\\vendor\\laravel\\framework\\src\\Illuminate\\Container\\Container.php(1101): Illuminate\\Container\\Container->resolveClass()
#11 C:\\Users\\Asus\\Documents\\GitHub\\pinkappsys\\ADMIN\\vendor\\laravel\\framework\\src\\Illuminate\\Container\\Container.php(1052): Illuminate\\Container\\Container->resolveDependencies()
#12 C:\\Users\\Asus\\Documents\\GitHub\\pinkappsys\\ADMIN\\vendor\\laravel\\framework\\src\\Illuminate\\Container\\Container.php(890): Illuminate\\Container\\Container->build()
#13 C:\\Users\\Asus\\Documents\\GitHub\\pinkappsys\\ADMIN\\vendor\\laravel\\framework\\src\\Illuminate\\Foundation\\Application.php(1077): Illuminate\\Container\\Container->resolve()
#14 C:\\Users\\Asus\\Documents\\GitHub\\pinkappsys\\ADMIN\\vendor\\laravel\\framework\\src\\Illuminate\\Container\\Container.php(821): Illuminate\\Foundation\\Application->resolve()
#15 C:\\Users\\Asus\\Documents\\GitHub\\pinkappsys\\ADMIN\\vendor\\laravel\\framework\\src\\Illuminate\\Foundation\\Application.php(1057): Illuminate\\Container\\Container->make()
#16 C:\\Users\\Asus\\Documents\\GitHub\\pinkappsys\\ADMIN\\vendor\\laravel\\framework\\src\\Illuminate\\Pipeline\\Pipeline.php(197): Illuminate\\Foundation\\Application->make()
#17 C:\\Users\\Asus\\Documents\\GitHub\\pinkappsys\\ADMIN\\vendor\\laravel\\framework\\src\\Illuminate\\Pipeline\\Pipeline.php(126): Illuminate\\Pipeline\\Pipeline->{closure:{closure:Illuminate\\Pipeline\\Pipeline::carry():183}:184}()
#18 C:\\Users\\Asus\\Documents\\GitHub\\pinkappsys\\ADMIN\\vendor\\laravel\\framework\\src\\Illuminate\\Routing\\Router.php(807): Illuminate\\Pipeline\\Pipeline->then()
#19 C:\\Users\\Asus\\Documents\\GitHub\\pinkappsys\\ADMIN\\vendor\\laravel\\framework\\src\\Illuminate\\Routing\\Router.php(786): Illuminate\\Routing\\Router->runRouteWithinStack()
#20 C:\\Users\\Asus\\Documents\\GitHub\\pinkappsys\\ADMIN\\vendor\\laravel\\framework\\src\\Illuminate\\Routing\\Router.php(750): Illuminate\\Routing\\Router->runRoute()
#21 C:\\Users\\Asus\\Documents\\GitHub\\pinkappsys\\ADMIN\\vendor\\laravel\\framework\\src\\Illuminate\\Routing\\Router.php(739): Illuminate\\Routing\\Router->dispatchToRoute()
#22 C:\\Users\\Asus\\Documents\\GitHub\\pinkappsys\\ADMIN\\vendor\\laravel\\framework\\src\\Illuminate\\Foundation\\Http\\Kernel.php(200): Illuminate\\Routing\\Router->dispatch()
#23 C:\\Users\\Asus\\Documents\\GitHub\\pinkappsys\\ADMIN\\vendor\\laravel\\framework\\src\\Illuminate\\Pipeline\\Pipeline.php(169): Illuminate\\Foundation\\Http\\Kernel->{closure:Illuminate\\Foundation\\Http\\Kernel::dispatchToRouter():197}()
#24 C:\\Users\\Asus\\Documents\\GitHub\\pinkappsys\\ADMIN\\vendor\\laravel\\framework\\src\\Illuminate\\Foundation\\Http\\Middleware\\TransformsRequest.php(21): Illuminate\\Pipeline\\Pipeline->{closure:Illuminate\\Pipeline\\Pipeline::prepareDestination():167}()
#25 C:\\Users\\Asus\\Documents\\GitHub\\pinkappsys\\ADMIN\\vendor\\laravel\\framework\\src\\Illuminate\\Foundation\\Http\\Middleware\\ConvertEmptyStringsToNull.php(31): Illuminate\\Foundation\\Http\\Middleware\\TransformsRequest->handle()
#26 C:\\Users\\Asus\\Documents\\GitHub\\pinkappsys\\ADMIN\\vendor\\laravel\\framework\\src\\Illuminate\\Pipeline\\Pipeline.php(208): Illuminate\\Foundation\\Http\\Middleware\\ConvertEmptyStringsToNull->handle()
#27 C:\\Users\\Asus\\Documents\\GitHub\\pinkappsys\\ADMIN\\vendor\\laravel\\framework\\src\\Illuminate\\Foundation\\Http\\Middleware\\TransformsRequest.php(21): Illuminate\\Pipeline\\Pipeline->{closure:{closure:Illuminate\\Pipeline\\Pipeline::carry():183}:184}()
#28 C:\\Users\\Asus\\Documents\\GitHub\\pinkappsys\\ADMIN\\vendor\\laravel\\framework\\src\\Illuminate\\Foundation\\Http\\Middleware\\TrimStrings.php(51): Illuminate\\Foundation\\Http\\Middleware\\TransformsRequest->handle()
#29 C:\\Users\\Asus\\Documents\\GitHub\\pinkappsys\\ADMIN\\vendor\\laravel\\framework\\src\\Illuminate\\Pipeline\\Pipeline.php(208): Illuminate\\Foundation\\Http\\Middleware\\TrimStrings->handle()
#30 C:\\Users\\Asus\\Documents\\GitHub\\pinkappsys\\ADMIN\\vendor\\laravel\\framework\\src\\Illuminate\\Http\\Middleware\\ValidatePostSize.php(27): Illuminate\\Pipeline\\Pipeline->{closure:{closure:Illuminate\\Pipeline\\Pipeline::carry():183}:184}()
#31 C:\\Users\\Asus\\Documents\\GitHub\\pinkappsys\\ADMIN\\vendor\\laravel\\framework\\src\\Illuminate\\Pipeline\\Pipeline.php(208): Illuminate\\Http\\Middleware\\ValidatePostSize->handle()
#32 C:\\Users\\Asus\\Documents\\GitHub\\pinkappsys\\ADMIN\\vendor\\laravel\\framework\\src\\Illuminate\\Foundation\\Http\\Middleware\\PreventRequestsDuringMaintenance.php(109): Illuminate\\Pipeline\\Pipeline->{closure:{closure:Illuminate\\Pipeline\\Pipeline::carry():183}:184}()
#33 C:\\Users\\Asus\\Documents\\GitHub\\pinkappsys\\ADMIN\\vendor\\laravel\\framework\\src\\Illuminate\\Pipeline\\Pipeline.php(208): Illuminate\\Foundation\\Http\\Middleware\\PreventRequestsDuringMaintenance->handle()
#34 C:\\Users\\Asus\\Documents\\GitHub\\pinkappsys\\ADMIN\\vendor\\laravel\\framework\\src\\Illuminate\\Http\\Middleware\\HandleCors.php(48): Illuminate\\Pipeline\\Pipeline->{closure:{closure:Illuminate\\Pipeline\\Pipeline::carry():183}:184}()
#35 C:\\Users\\Asus\\Documents\\GitHub\\pinkappsys\\ADMIN\\vendor\\laravel\\framework\\src\\Illuminate\\Pipeline\\Pipeline.php(208): Illuminate\\Http\\Middleware\\HandleCors->handle()
#36 C:\\Users\\Asus\\Documents\\GitHub\\pinkappsys\\ADMIN\\vendor\\laravel\\framework\\src\\Illuminate\\Http\\Middleware\\TrustProxies.php(58): Illuminate\\Pipeline\\Pipeline->{closure:{closure:Illuminate\\Pipeline\\Pipeline::carry():183}:184}()
#37 C:\\Users\\Asus\\Documents\\GitHub\\pinkappsys\\ADMIN\\vendor\\laravel\\framework\\src\\Illuminate\\Pipeline\\Pipeline.php(208): Illuminate\\Http\\Middleware\\TrustProxies->handle()
#38 C:\\Users\\Asus\\Documents\\GitHub\\pinkappsys\\ADMIN\\vendor\\laravel\\framework\\src\\Illuminate\\Foundation\\Http\\Middleware\\InvokeDeferredCallbacks.php(22): Illuminate\\Pipeline\\Pipeline->{closure:{closure:Illuminate\\Pipeline\\Pipeline::carry():183}:184}()
#39 C:\\Users\\Asus\\Documents\\GitHub\\pinkappsys\\ADMIN\\vendor\\laravel\\framework\\src\\Illuminate\\Pipeline\\Pipeline.php(208): Illuminate\\Foundation\\Http\\Middleware\\InvokeDeferredCallbacks->handle()
#40 C:\\Users\\Asus\\Documents\\GitHub\\pinkappsys\\ADMIN\\vendor\\laravel\\framework\\src\\Illuminate\\Http\\Middleware\\ValidatePathEncoding.php(26): Illuminate\\Pipeline\\Pipeline->{closure:{closure:Illuminate\\Pipeline\\Pipeline::carry():183}:184}()
#41 C:\\Users\\Asus\\Documents\\GitHub\\pinkappsys\\ADMIN\\vendor\\laravel\\framework\\src\\Illuminate\\Pipeline\\Pipeline.php(208): Illuminate\\Http\\Middleware\\ValidatePathEncoding->handle()
#42 C:\\Users\\Asus\\Documents\\GitHub\\pinkappsys\\ADMIN\\vendor\\laravel\\framework\\src\\Illuminate\\Pipeline\\Pipeline.php(126): Illuminate\\Pipeline\\Pipeline->{closure:{closure:Illuminate\\Pipeline\\Pipeline::carry():183}:184}()
#43 C:\\Users\\Asus\\Documents\\GitHub\\pinkappsys\\ADMIN\\vendor\\laravel\\framework\\src\\Illuminate\\Foundation\\Http\\Kernel.php(175): Illuminate\\Pipeline\\Pipeline->then()
#44 C:\\Users\\Asus\\Documents\\GitHub\\pinkappsys\\ADMIN\\vendor\\laravel\\framework\\src\\Illuminate\\Foundation\\Http\\Kernel.php(144): Illuminate\\Foundation\\Http\\Kernel->sendRequestThroughRouter()
#45 C:\\Users\\Asus\\Documents\\GitHub\\pinkappsys\\ADMIN\\vendor\\laravel\\framework\\src\\Illuminate\\Foundation\\Application.php(1219): Illuminate\\Foundation\\Http\\Kernel->handle()
#46 C:\\Users\\Asus\\Documents\\GitHub\\pinkappsys\\ADMIN\\public\\index.php(20): Illuminate\\Foundation\\Application->handleRequest()
#47 C:\\Users\\Asus\\Documents\\GitHub\\pinkappsys\\ADMIN\\vendor\\laravel\\framework\\src\\Illuminate\\Foundation\\resources\\server.php(23): require_once('...')
#48 {main}
"} 
[2025-04-15 14:30:53] local.ERROR: No application encryption key has been specified. {"exception":"[object] (Illuminate\\Encryption\\MissingAppKeyException(code: 0): No application encryption key has been specified. at C:\\Users\\Asus\\Documents\\GitHub\\pinkappsys\\ADMIN\\vendor\\laravel\\framework\\src\\Illuminate\\Encryption\\EncryptionServiceProvider.php:83)
[stacktrace]
#0 C:\\Users\\Asus\\Documents\\GitHub\\pinkappsys\\ADMIN\\vendor\\laravel\\framework\\src\\Illuminate\\Support\\helpers.php(399): Illuminate\\Encryption\\EncryptionServiceProvider->{closure:Illuminate\\Encryption\\EncryptionServiceProvider::key():81}()
#1 C:\\Users\\Asus\\Documents\\GitHub\\pinkappsys\\ADMIN\\vendor\\laravel\\framework\\src\\Illuminate\\Encryption\\EncryptionServiceProvider.php(81): tap()
#2 C:\\Users\\Asus\\Documents\\GitHub\\pinkappsys\\ADMIN\\vendor\\laravel\\framework\\src\\Illuminate\\Encryption\\EncryptionServiceProvider.php(64): Illuminate\\Encryption\\EncryptionServiceProvider->key()
#3 C:\\Users\\Asus\\Documents\\GitHub\\pinkappsys\\ADMIN\\vendor\\laravel\\framework\\src\\Illuminate\\Encryption\\EncryptionServiceProvider.php(32): Illuminate\\Encryption\\EncryptionServiceProvider->parseKey()
#4 C:\\Users\\Asus\\Documents\\GitHub\\pinkappsys\\ADMIN\\vendor\\laravel\\framework\\src\\Illuminate\\Container\\Container.php(1010): Illuminate\\Encryption\\EncryptionServiceProvider->{closure:Illuminate\\Encryption\\EncryptionServiceProvider::registerEncrypter():29}()
#5 C:\\Users\\Asus\\Documents\\GitHub\\pinkappsys\\ADMIN\\vendor\\laravel\\framework\\src\\Illuminate\\Container\\Container.php(890): Illuminate\\Container\\Container->build()
#6 C:\\Users\\Asus\\Documents\\GitHub\\pinkappsys\\ADMIN\\vendor\\laravel\\framework\\src\\Illuminate\\Foundation\\Application.php(1077): Illuminate\\Container\\Container->resolve()
#7 C:\\Users\\Asus\\Documents\\GitHub\\pinkappsys\\ADMIN\\vendor\\laravel\\framework\\src\\Illuminate\\Container\\Container.php(821): Illuminate\\Foundation\\Application->resolve()
#8 C:\\Users\\Asus\\Documents\\GitHub\\pinkappsys\\ADMIN\\vendor\\laravel\\framework\\src\\Illuminate\\Foundation\\Application.php(1057): Illuminate\\Container\\Container->make()
#9 C:\\Users\\Asus\\Documents\\GitHub\\pinkappsys\\ADMIN\\vendor\\laravel\\framework\\src\\Illuminate\\Container\\Container.php(1202): Illuminate\\Foundation\\Application->make()
#10 C:\\Users\\Asus\\Documents\\GitHub\\pinkappsys\\ADMIN\\vendor\\laravel\\framework\\src\\Illuminate\\Container\\Container.php(1101): Illuminate\\Container\\Container->resolveClass()
#11 C:\\Users\\Asus\\Documents\\GitHub\\pinkappsys\\ADMIN\\vendor\\laravel\\framework\\src\\Illuminate\\Container\\Container.php(1052): Illuminate\\Container\\Container->resolveDependencies()
#12 C:\\Users\\Asus\\Documents\\GitHub\\pinkappsys\\ADMIN\\vendor\\laravel\\framework\\src\\Illuminate\\Container\\Container.php(890): Illuminate\\Container\\Container->build()
#13 C:\\Users\\Asus\\Documents\\GitHub\\pinkappsys\\ADMIN\\vendor\\laravel\\framework\\src\\Illuminate\\Foundation\\Application.php(1077): Illuminate\\Container\\Container->resolve()
#14 C:\\Users\\Asus\\Documents\\GitHub\\pinkappsys\\ADMIN\\vendor\\laravel\\framework\\src\\Illuminate\\Container\\Container.php(821): Illuminate\\Foundation\\Application->resolve()
#15 C:\\Users\\Asus\\Documents\\GitHub\\pinkappsys\\ADMIN\\vendor\\laravel\\framework\\src\\Illuminate\\Foundation\\Application.php(1057): Illuminate\\Container\\Container->make()
#16 C:\\Users\\Asus\\Documents\\GitHub\\pinkappsys\\ADMIN\\vendor\\laravel\\framework\\src\\Illuminate\\Foundation\\Http\\Kernel.php(257): Illuminate\\Foundation\\Application->make()
#17 C:\\Users\\Asus\\Documents\\GitHub\\pinkappsys\\ADMIN\\vendor\\laravel\\framework\\src\\Illuminate\\Foundation\\Http\\Kernel.php(215): Illuminate\\Foundation\\Http\\Kernel->terminateMiddleware()
#18 C:\\Users\\Asus\\Documents\\GitHub\\pinkappsys\\ADMIN\\vendor\\laravel\\framework\\src\\Illuminate\\Foundation\\Application.php(1221): Illuminate\\Foundation\\Http\\Kernel->terminate()
#19 C:\\Users\\Asus\\Documents\\GitHub\\pinkappsys\\ADMIN\\public\\index.php(20): Illuminate\\Foundation\\Application->handleRequest()
#20 C:\\Users\\Asus\\Documents\\GitHub\\pinkappsys\\ADMIN\\vendor\\laravel\\framework\\src\\Illuminate\\Foundation\\resources\\server.php(23): require_once('...')
#21 {main}
"} 
[2025-04-16 12:35:22] local.ERROR: No application encryption key has been specified. {"exception":"[object] (Illuminate\\Encryption\\MissingAppKeyException(code: 0): No application encryption key has been specified. at C:\\Users\\Asus\\Documents\\GitHub\\pinkappsys\\ADMIN\\vendor\\laravel\\framework\\src\\Illuminate\\Encryption\\EncryptionServiceProvider.php:83)
[stacktrace]
#0 C:\\Users\\Asus\\Documents\\GitHub\\pinkappsys\\ADMIN\\vendor\\laravel\\framework\\src\\Illuminate\\Support\\helpers.php(399): Illuminate\\Encryption\\EncryptionServiceProvider->{closure:Illuminate\\Encryption\\EncryptionServiceProvider::key():81}()
#1 C:\\Users\\Asus\\Documents\\GitHub\\pinkappsys\\ADMIN\\vendor\\laravel\\framework\\src\\Illuminate\\Encryption\\EncryptionServiceProvider.php(81): tap()
#2 C:\\Users\\Asus\\Documents\\GitHub\\pinkappsys\\ADMIN\\vendor\\laravel\\framework\\src\\Illuminate\\Encryption\\EncryptionServiceProvider.php(64): Illuminate\\Encryption\\EncryptionServiceProvider->key()
#3 C:\\Users\\Asus\\Documents\\GitHub\\pinkappsys\\ADMIN\\vendor\\laravel\\framework\\src\\Illuminate\\Encryption\\EncryptionServiceProvider.php(32): Illuminate\\Encryption\\EncryptionServiceProvider->parseKey()
#4 C:\\Users\\Asus\\Documents\\GitHub\\pinkappsys\\ADMIN\\vendor\\laravel\\framework\\src\\Illuminate\\Container\\Container.php(1010): Illuminate\\Encryption\\EncryptionServiceProvider->{closure:Illuminate\\Encryption\\EncryptionServiceProvider::registerEncrypter():29}()
#5 C:\\Users\\Asus\\Documents\\GitHub\\pinkappsys\\ADMIN\\vendor\\laravel\\framework\\src\\Illuminate\\Container\\Container.php(890): Illuminate\\Container\\Container->build()
#6 C:\\Users\\Asus\\Documents\\GitHub\\pinkappsys\\ADMIN\\vendor\\laravel\\framework\\src\\Illuminate\\Foundation\\Application.php(1077): Illuminate\\Container\\Container->resolve()
#7 C:\\Users\\Asus\\Documents\\GitHub\\pinkappsys\\ADMIN\\vendor\\laravel\\framework\\src\\Illuminate\\Container\\Container.php(821): Illuminate\\Foundation\\Application->resolve()
#8 C:\\Users\\Asus\\Documents\\GitHub\\pinkappsys\\ADMIN\\vendor\\laravel\\framework\\src\\Illuminate\\Foundation\\Application.php(1057): Illuminate\\Container\\Container->make()
#9 C:\\Users\\Asus\\Documents\\GitHub\\pinkappsys\\ADMIN\\vendor\\laravel\\framework\\src\\Illuminate\\Container\\Container.php(1202): Illuminate\\Foundation\\Application->make()
#10 C:\\Users\\Asus\\Documents\\GitHub\\pinkappsys\\ADMIN\\vendor\\laravel\\framework\\src\\Illuminate\\Container\\Container.php(1101): Illuminate\\Container\\Container->resolveClass()
#11 C:\\Users\\Asus\\Documents\\GitHub\\pinkappsys\\ADMIN\\vendor\\laravel\\framework\\src\\Illuminate\\Container\\Container.php(1052): Illuminate\\Container\\Container->resolveDependencies()
#12 C:\\Users\\Asus\\Documents\\GitHub\\pinkappsys\\ADMIN\\vendor\\laravel\\framework\\src\\Illuminate\\Container\\Container.php(890): Illuminate\\Container\\Container->build()
#13 C:\\Users\\Asus\\Documents\\GitHub\\pinkappsys\\ADMIN\\vendor\\laravel\\framework\\src\\Illuminate\\Foundation\\Application.php(1077): Illuminate\\Container\\Container->resolve()
#14 C:\\Users\\Asus\\Documents\\GitHub\\pinkappsys\\ADMIN\\vendor\\laravel\\framework\\src\\Illuminate\\Container\\Container.php(821): Illuminate\\Foundation\\Application->resolve()
#15 C:\\Users\\Asus\\Documents\\GitHub\\pinkappsys\\ADMIN\\vendor\\laravel\\framework\\src\\Illuminate\\Foundation\\Application.php(1057): Illuminate\\Container\\Container->make()
#16 C:\\Users\\Asus\\Documents\\GitHub\\pinkappsys\\ADMIN\\vendor\\laravel\\framework\\src\\Illuminate\\Pipeline\\Pipeline.php(197): Illuminate\\Foundation\\Application->make()
#17 C:\\Users\\Asus\\Documents\\GitHub\\pinkappsys\\ADMIN\\vendor\\laravel\\framework\\src\\Illuminate\\Pipeline\\Pipeline.php(126): Illuminate\\Pipeline\\Pipeline->{closure:{closure:Illuminate\\Pipeline\\Pipeline::carry():183}:184}()
#18 C:\\Users\\Asus\\Documents\\GitHub\\pinkappsys\\ADMIN\\vendor\\laravel\\framework\\src\\Illuminate\\Routing\\Router.php(807): Illuminate\\Pipeline\\Pipeline->then()
#19 C:\\Users\\Asus\\Documents\\GitHub\\pinkappsys\\ADMIN\\vendor\\laravel\\framework\\src\\Illuminate\\Routing\\Router.php(786): Illuminate\\Routing\\Router->runRouteWithinStack()
#20 C:\\Users\\Asus\\Documents\\GitHub\\pinkappsys\\ADMIN\\vendor\\laravel\\framework\\src\\Illuminate\\Routing\\Router.php(750): Illuminate\\Routing\\Router->runRoute()
#21 C:\\Users\\Asus\\Documents\\GitHub\\pinkappsys\\ADMIN\\vendor\\laravel\\framework\\src\\Illuminate\\Routing\\Router.php(739): Illuminate\\Routing\\Router->dispatchToRoute()
#22 C:\\Users\\Asus\\Documents\\GitHub\\pinkappsys\\ADMIN\\vendor\\laravel\\framework\\src\\Illuminate\\Foundation\\Http\\Kernel.php(200): Illuminate\\Routing\\Router->dispatch()
#23 C:\\Users\\Asus\\Documents\\GitHub\\pinkappsys\\ADMIN\\vendor\\laravel\\framework\\src\\Illuminate\\Pipeline\\Pipeline.php(169): Illuminate\\Foundation\\Http\\Kernel->{closure:Illuminate\\Foundation\\Http\\Kernel::dispatchToRouter():197}()
#24 C:\\Users\\Asus\\Documents\\GitHub\\pinkappsys\\ADMIN\\vendor\\laravel\\framework\\src\\Illuminate\\Foundation\\Http\\Middleware\\TransformsRequest.php(21): Illuminate\\Pipeline\\Pipeline->{closure:Illuminate\\Pipeline\\Pipeline::prepareDestination():167}()
#25 C:\\Users\\Asus\\Documents\\GitHub\\pinkappsys\\ADMIN\\vendor\\laravel\\framework\\src\\Illuminate\\Foundation\\Http\\Middleware\\ConvertEmptyStringsToNull.php(31): Illuminate\\Foundation\\Http\\Middleware\\TransformsRequest->handle()
#26 C:\\Users\\Asus\\Documents\\GitHub\\pinkappsys\\ADMIN\\vendor\\laravel\\framework\\src\\Illuminate\\Pipeline\\Pipeline.php(208): Illuminate\\Foundation\\Http\\Middleware\\ConvertEmptyStringsToNull->handle()
#27 C:\\Users\\Asus\\Documents\\GitHub\\pinkappsys\\ADMIN\\vendor\\laravel\\framework\\src\\Illuminate\\Foundation\\Http\\Middleware\\TransformsRequest.php(21): Illuminate\\Pipeline\\Pipeline->{closure:{closure:Illuminate\\Pipeline\\Pipeline::carry():183}:184}()
#28 C:\\Users\\Asus\\Documents\\GitHub\\pinkappsys\\ADMIN\\vendor\\laravel\\framework\\src\\Illuminate\\Foundation\\Http\\Middleware\\TrimStrings.php(51): Illuminate\\Foundation\\Http\\Middleware\\TransformsRequest->handle()
#29 C:\\Users\\Asus\\Documents\\GitHub\\pinkappsys\\ADMIN\\vendor\\laravel\\framework\\src\\Illuminate\\Pipeline\\Pipeline.php(208): Illuminate\\Foundation\\Http\\Middleware\\TrimStrings->handle()
#30 C:\\Users\\Asus\\Documents\\GitHub\\pinkappsys\\ADMIN\\vendor\\laravel\\framework\\src\\Illuminate\\Http\\Middleware\\ValidatePostSize.php(27): Illuminate\\Pipeline\\Pipeline->{closure:{closure:Illuminate\\Pipeline\\Pipeline::carry():183}:184}()
#31 C:\\Users\\Asus\\Documents\\GitHub\\pinkappsys\\ADMIN\\vendor\\laravel\\framework\\src\\Illuminate\\Pipeline\\Pipeline.php(208): Illuminate\\Http\\Middleware\\ValidatePostSize->handle()
#32 C:\\Users\\Asus\\Documents\\GitHub\\pinkappsys\\ADMIN\\vendor\\laravel\\framework\\src\\Illuminate\\Foundation\\Http\\Middleware\\PreventRequestsDuringMaintenance.php(109): Illuminate\\Pipeline\\Pipeline->{closure:{closure:Illuminate\\Pipeline\\Pipeline::carry():183}:184}()
#33 C:\\Users\\Asus\\Documents\\GitHub\\pinkappsys\\ADMIN\\vendor\\laravel\\framework\\src\\Illuminate\\Pipeline\\Pipeline.php(208): Illuminate\\Foundation\\Http\\Middleware\\PreventRequestsDuringMaintenance->handle()
#34 C:\\Users\\Asus\\Documents\\GitHub\\pinkappsys\\ADMIN\\vendor\\laravel\\framework\\src\\Illuminate\\Http\\Middleware\\HandleCors.php(48): Illuminate\\Pipeline\\Pipeline->{closure:{closure:Illuminate\\Pipeline\\Pipeline::carry():183}:184}()
#35 C:\\Users\\Asus\\Documents\\GitHub\\pinkappsys\\ADMIN\\vendor\\laravel\\framework\\src\\Illuminate\\Pipeline\\Pipeline.php(208): Illuminate\\Http\\Middleware\\HandleCors->handle()
#36 C:\\Users\\Asus\\Documents\\GitHub\\pinkappsys\\ADMIN\\vendor\\laravel\\framework\\src\\Illuminate\\Http\\Middleware\\TrustProxies.php(58): Illuminate\\Pipeline\\Pipeline->{closure:{closure:Illuminate\\Pipeline\\Pipeline::carry():183}:184}()
#37 C:\\Users\\Asus\\Documents\\GitHub\\pinkappsys\\ADMIN\\vendor\\laravel\\framework\\src\\Illuminate\\Pipeline\\Pipeline.php(208): Illuminate\\Http\\Middleware\\TrustProxies->handle()
#38 C:\\Users\\Asus\\Documents\\GitHub\\pinkappsys\\ADMIN\\vendor\\laravel\\framework\\src\\Illuminate\\Foundation\\Http\\Middleware\\InvokeDeferredCallbacks.php(22): Illuminate\\Pipeline\\Pipeline->{closure:{closure:Illuminate\\Pipeline\\Pipeline::carry():183}:184}()
#39 C:\\Users\\Asus\\Documents\\GitHub\\pinkappsys\\ADMIN\\vendor\\laravel\\framework\\src\\Illuminate\\Pipeline\\Pipeline.php(208): Illuminate\\Foundation\\Http\\Middleware\\InvokeDeferredCallbacks->handle()
#40 C:\\Users\\Asus\\Documents\\GitHub\\pinkappsys\\ADMIN\\vendor\\laravel\\framework\\src\\Illuminate\\Http\\Middleware\\ValidatePathEncoding.php(26): Illuminate\\Pipeline\\Pipeline->{closure:{closure:Illuminate\\Pipeline\\Pipeline::carry():183}:184}()
#41 C:\\Users\\Asus\\Documents\\GitHub\\pinkappsys\\ADMIN\\vendor\\laravel\\framework\\src\\Illuminate\\Pipeline\\Pipeline.php(208): Illuminate\\Http\\Middleware\\ValidatePathEncoding->handle()
#42 C:\\Users\\Asus\\Documents\\GitHub\\pinkappsys\\ADMIN\\vendor\\laravel\\framework\\src\\Illuminate\\Pipeline\\Pipeline.php(126): Illuminate\\Pipeline\\Pipeline->{closure:{closure:Illuminate\\Pipeline\\Pipeline::carry():183}:184}()
#43 C:\\Users\\Asus\\Documents\\GitHub\\pinkappsys\\ADMIN\\vendor\\laravel\\framework\\src\\Illuminate\\Foundation\\Http\\Kernel.php(175): Illuminate\\Pipeline\\Pipeline->then()
#44 C:\\Users\\Asus\\Documents\\GitHub\\pinkappsys\\ADMIN\\vendor\\laravel\\framework\\src\\Illuminate\\Foundation\\Http\\Kernel.php(144): Illuminate\\Foundation\\Http\\Kernel->sendRequestThroughRouter()
#45 C:\\Users\\Asus\\Documents\\GitHub\\pinkappsys\\ADMIN\\vendor\\laravel\\framework\\src\\Illuminate\\Foundation\\Application.php(1219): Illuminate\\Foundation\\Http\\Kernel->handle()
#46 C:\\Users\\Asus\\Documents\\GitHub\\pinkappsys\\ADMIN\\public\\index.php(20): Illuminate\\Foundation\\Application->handleRequest()
#47 C:\\Users\\Asus\\Documents\\GitHub\\pinkappsys\\ADMIN\\vendor\\laravel\\framework\\src\\Illuminate\\Foundation\\resources\\server.php(23): require_once('...')
#48 {main}
"} 
[2025-04-16 12:35:29] local.ERROR: No application encryption key has been specified. {"exception":"[object] (Illuminate\\Encryption\\MissingAppKeyException(code: 0): No application encryption key has been specified. at C:\\Users\\Asus\\Documents\\GitHub\\pinkappsys\\ADMIN\\vendor\\laravel\\framework\\src\\Illuminate\\Encryption\\EncryptionServiceProvider.php:83)
[stacktrace]
#0 C:\\Users\\Asus\\Documents\\GitHub\\pinkappsys\\ADMIN\\vendor\\laravel\\framework\\src\\Illuminate\\Support\\helpers.php(399): Illuminate\\Encryption\\EncryptionServiceProvider->{closure:Illuminate\\Encryption\\EncryptionServiceProvider::key():81}()
#1 C:\\Users\\Asus\\Documents\\GitHub\\pinkappsys\\ADMIN\\vendor\\laravel\\framework\\src\\Illuminate\\Encryption\\EncryptionServiceProvider.php(81): tap()
#2 C:\\Users\\Asus\\Documents\\GitHub\\pinkappsys\\ADMIN\\vendor\\laravel\\framework\\src\\Illuminate\\Encryption\\EncryptionServiceProvider.php(64): Illuminate\\Encryption\\EncryptionServiceProvider->key()
#3 C:\\Users\\Asus\\Documents\\GitHub\\pinkappsys\\ADMIN\\vendor\\laravel\\framework\\src\\Illuminate\\Encryption\\EncryptionServiceProvider.php(32): Illuminate\\Encryption\\EncryptionServiceProvider->parseKey()
#4 C:\\Users\\Asus\\Documents\\GitHub\\pinkappsys\\ADMIN\\vendor\\laravel\\framework\\src\\Illuminate\\Container\\Container.php(1010): Illuminate\\Encryption\\EncryptionServiceProvider->{closure:Illuminate\\Encryption\\EncryptionServiceProvider::registerEncrypter():29}()
#5 C:\\Users\\Asus\\Documents\\GitHub\\pinkappsys\\ADMIN\\vendor\\laravel\\framework\\src\\Illuminate\\Container\\Container.php(890): Illuminate\\Container\\Container->build()
#6 C:\\Users\\Asus\\Documents\\GitHub\\pinkappsys\\ADMIN\\vendor\\laravel\\framework\\src\\Illuminate\\Foundation\\Application.php(1077): Illuminate\\Container\\Container->resolve()
#7 C:\\Users\\Asus\\Documents\\GitHub\\pinkappsys\\ADMIN\\vendor\\laravel\\framework\\src\\Illuminate\\Container\\Container.php(821): Illuminate\\Foundation\\Application->resolve()
#8 C:\\Users\\Asus\\Documents\\GitHub\\pinkappsys\\ADMIN\\vendor\\laravel\\framework\\src\\Illuminate\\Foundation\\Application.php(1057): Illuminate\\Container\\Container->make()
#9 C:\\Users\\Asus\\Documents\\GitHub\\pinkappsys\\ADMIN\\vendor\\laravel\\framework\\src\\Illuminate\\Container\\Container.php(1202): Illuminate\\Foundation\\Application->make()
#10 C:\\Users\\Asus\\Documents\\GitHub\\pinkappsys\\ADMIN\\vendor\\laravel\\framework\\src\\Illuminate\\Container\\Container.php(1101): Illuminate\\Container\\Container->resolveClass()
#11 C:\\Users\\Asus\\Documents\\GitHub\\pinkappsys\\ADMIN\\vendor\\laravel\\framework\\src\\Illuminate\\Container\\Container.php(1052): Illuminate\\Container\\Container->resolveDependencies()
#12 C:\\Users\\Asus\\Documents\\GitHub\\pinkappsys\\ADMIN\\vendor\\laravel\\framework\\src\\Illuminate\\Container\\Container.php(890): Illuminate\\Container\\Container->build()
#13 C:\\Users\\Asus\\Documents\\GitHub\\pinkappsys\\ADMIN\\vendor\\laravel\\framework\\src\\Illuminate\\Foundation\\Application.php(1077): Illuminate\\Container\\Container->resolve()
#14 C:\\Users\\Asus\\Documents\\GitHub\\pinkappsys\\ADMIN\\vendor\\laravel\\framework\\src\\Illuminate\\Container\\Container.php(821): Illuminate\\Foundation\\Application->resolve()
#15 C:\\Users\\Asus\\Documents\\GitHub\\pinkappsys\\ADMIN\\vendor\\laravel\\framework\\src\\Illuminate\\Foundation\\Application.php(1057): Illuminate\\Container\\Container->make()
#16 C:\\Users\\Asus\\Documents\\GitHub\\pinkappsys\\ADMIN\\vendor\\laravel\\framework\\src\\Illuminate\\Foundation\\Http\\Kernel.php(257): Illuminate\\Foundation\\Application->make()
#17 C:\\Users\\Asus\\Documents\\GitHub\\pinkappsys\\ADMIN\\vendor\\laravel\\framework\\src\\Illuminate\\Foundation\\Http\\Kernel.php(215): Illuminate\\Foundation\\Http\\Kernel->terminateMiddleware()
#18 C:\\Users\\Asus\\Documents\\GitHub\\pinkappsys\\ADMIN\\vendor\\laravel\\framework\\src\\Illuminate\\Foundation\\Application.php(1221): Illuminate\\Foundation\\Http\\Kernel->terminate()
#19 C:\\Users\\Asus\\Documents\\GitHub\\pinkappsys\\ADMIN\\public\\index.php(20): Illuminate\\Foundation\\Application->handleRequest()
#20 C:\\Users\\Asus\\Documents\\GitHub\\pinkappsys\\ADMIN\\vendor\\laravel\\framework\\src\\Illuminate\\Foundation\\resources\\server.php(23): require_once('...')
#21 {main}
"} 
[2025-04-16 13:31:18] local.ERROR: No application encryption key has been specified. {"exception":"[object] (Illuminate\\Encryption\\MissingAppKeyException(code: 0): No application encryption key has been specified. at C:\\Users\\Asus\\Documents\\GitHub\\pinkappsys\\ADMIN\\vendor\\laravel\\framework\\src\\Illuminate\\Encryption\\EncryptionServiceProvider.php:83)
[stacktrace]
#0 C:\\Users\\Asus\\Documents\\GitHub\\pinkappsys\\ADMIN\\vendor\\laravel\\framework\\src\\Illuminate\\Support\\helpers.php(399): Illuminate\\Encryption\\EncryptionServiceProvider->{closure:Illuminate\\Encryption\\EncryptionServiceProvider::key():81}()
#1 C:\\Users\\Asus\\Documents\\GitHub\\pinkappsys\\ADMIN\\vendor\\laravel\\framework\\src\\Illuminate\\Encryption\\EncryptionServiceProvider.php(81): tap()
#2 C:\\Users\\Asus\\Documents\\GitHub\\pinkappsys\\ADMIN\\vendor\\laravel\\framework\\src\\Illuminate\\Encryption\\EncryptionServiceProvider.php(64): Illuminate\\Encryption\\EncryptionServiceProvider->key()
#3 C:\\Users\\Asus\\Documents\\GitHub\\pinkappsys\\ADMIN\\vendor\\laravel\\framework\\src\\Illuminate\\Encryption\\EncryptionServiceProvider.php(32): Illuminate\\Encryption\\EncryptionServiceProvider->parseKey()
#4 C:\\Users\\Asus\\Documents\\GitHub\\pinkappsys\\ADMIN\\vendor\\laravel\\framework\\src\\Illuminate\\Container\\Container.php(1010): Illuminate\\Encryption\\EncryptionServiceProvider->{closure:Illuminate\\Encryption\\EncryptionServiceProvider::registerEncrypter():29}()
#5 C:\\Users\\Asus\\Documents\\GitHub\\pinkappsys\\ADMIN\\vendor\\laravel\\framework\\src\\Illuminate\\Container\\Container.php(890): Illuminate\\Container\\Container->build()
#6 C:\\Users\\Asus\\Documents\\GitHub\\pinkappsys\\ADMIN\\vendor\\laravel\\framework\\src\\Illuminate\\Foundation\\Application.php(1077): Illuminate\\Container\\Container->resolve()
#7 C:\\Users\\Asus\\Documents\\GitHub\\pinkappsys\\ADMIN\\vendor\\laravel\\framework\\src\\Illuminate\\Container\\Container.php(821): Illuminate\\Foundation\\Application->resolve()
#8 C:\\Users\\Asus\\Documents\\GitHub\\pinkappsys\\ADMIN\\vendor\\laravel\\framework\\src\\Illuminate\\Foundation\\Application.php(1057): Illuminate\\Container\\Container->make()
#9 C:\\Users\\Asus\\Documents\\GitHub\\pinkappsys\\ADMIN\\vendor\\laravel\\framework\\src\\Illuminate\\Container\\Container.php(1202): Illuminate\\Foundation\\Application->make()
#10 C:\\Users\\Asus\\Documents\\GitHub\\pinkappsys\\ADMIN\\vendor\\laravel\\framework\\src\\Illuminate\\Container\\Container.php(1101): Illuminate\\Container\\Container->resolveClass()
#11 C:\\Users\\Asus\\Documents\\GitHub\\pinkappsys\\ADMIN\\vendor\\laravel\\framework\\src\\Illuminate\\Container\\Container.php(1052): Illuminate\\Container\\Container->resolveDependencies()
#12 C:\\Users\\Asus\\Documents\\GitHub\\pinkappsys\\ADMIN\\vendor\\laravel\\framework\\src\\Illuminate\\Container\\Container.php(890): Illuminate\\Container\\Container->build()
#13 C:\\Users\\Asus\\Documents\\GitHub\\pinkappsys\\ADMIN\\vendor\\laravel\\framework\\src\\Illuminate\\Foundation\\Application.php(1077): Illuminate\\Container\\Container->resolve()
#14 C:\\Users\\Asus\\Documents\\GitHub\\pinkappsys\\ADMIN\\vendor\\laravel\\framework\\src\\Illuminate\\Container\\Container.php(821): Illuminate\\Foundation\\Application->resolve()
#15 C:\\Users\\Asus\\Documents\\GitHub\\pinkappsys\\ADMIN\\vendor\\laravel\\framework\\src\\Illuminate\\Foundation\\Application.php(1057): Illuminate\\Container\\Container->make()
#16 C:\\Users\\Asus\\Documents\\GitHub\\pinkappsys\\ADMIN\\vendor\\laravel\\framework\\src\\Illuminate\\Pipeline\\Pipeline.php(197): Illuminate\\Foundation\\Application->make()
#17 C:\\Users\\Asus\\Documents\\GitHub\\pinkappsys\\ADMIN\\vendor\\laravel\\framework\\src\\Illuminate\\Pipeline\\Pipeline.php(126): Illuminate\\Pipeline\\Pipeline->{closure:{closure:Illuminate\\Pipeline\\Pipeline::carry():183}:184}()
#18 C:\\Users\\Asus\\Documents\\GitHub\\pinkappsys\\ADMIN\\vendor\\laravel\\framework\\src\\Illuminate\\Routing\\Router.php(807): Illuminate\\Pipeline\\Pipeline->then()
#19 C:\\Users\\Asus\\Documents\\GitHub\\pinkappsys\\ADMIN\\vendor\\laravel\\framework\\src\\Illuminate\\Routing\\Router.php(786): Illuminate\\Routing\\Router->runRouteWithinStack()
#20 C:\\Users\\Asus\\Documents\\GitHub\\pinkappsys\\ADMIN\\vendor\\laravel\\framework\\src\\Illuminate\\Routing\\Router.php(750): Illuminate\\Routing\\Router->runRoute()
#21 C:\\Users\\Asus\\Documents\\GitHub\\pinkappsys\\ADMIN\\vendor\\laravel\\framework\\src\\Illuminate\\Routing\\Router.php(739): Illuminate\\Routing\\Router->dispatchToRoute()
#22 C:\\Users\\Asus\\Documents\\GitHub\\pinkappsys\\ADMIN\\vendor\\laravel\\framework\\src\\Illuminate\\Foundation\\Http\\Kernel.php(200): Illuminate\\Routing\\Router->dispatch()
#23 C:\\Users\\Asus\\Documents\\GitHub\\pinkappsys\\ADMIN\\vendor\\laravel\\framework\\src\\Illuminate\\Pipeline\\Pipeline.php(169): Illuminate\\Foundation\\Http\\Kernel->{closure:Illuminate\\Foundation\\Http\\Kernel::dispatchToRouter():197}()
#24 C:\\Users\\Asus\\Documents\\GitHub\\pinkappsys\\ADMIN\\vendor\\laravel\\framework\\src\\Illuminate\\Foundation\\Http\\Middleware\\TransformsRequest.php(21): Illuminate\\Pipeline\\Pipeline->{closure:Illuminate\\Pipeline\\Pipeline::prepareDestination():167}()
#25 C:\\Users\\Asus\\Documents\\GitHub\\pinkappsys\\ADMIN\\vendor\\laravel\\framework\\src\\Illuminate\\Foundation\\Http\\Middleware\\ConvertEmptyStringsToNull.php(31): Illuminate\\Foundation\\Http\\Middleware\\TransformsRequest->handle()
#26 C:\\Users\\Asus\\Documents\\GitHub\\pinkappsys\\ADMIN\\vendor\\laravel\\framework\\src\\Illuminate\\Pipeline\\Pipeline.php(208): Illuminate\\Foundation\\Http\\Middleware\\ConvertEmptyStringsToNull->handle()
#27 C:\\Users\\Asus\\Documents\\GitHub\\pinkappsys\\ADMIN\\vendor\\laravel\\framework\\src\\Illuminate\\Foundation\\Http\\Middleware\\TransformsRequest.php(21): Illuminate\\Pipeline\\Pipeline->{closure:{closure:Illuminate\\Pipeline\\Pipeline::carry():183}:184}()
#28 C:\\Users\\Asus\\Documents\\GitHub\\pinkappsys\\ADMIN\\vendor\\laravel\\framework\\src\\Illuminate\\Foundation\\Http\\Middleware\\TrimStrings.php(51): Illuminate\\Foundation\\Http\\Middleware\\TransformsRequest->handle()
#29 C:\\Users\\Asus\\Documents\\GitHub\\pinkappsys\\ADMIN\\vendor\\laravel\\framework\\src\\Illuminate\\Pipeline\\Pipeline.php(208): Illuminate\\Foundation\\Http\\Middleware\\TrimStrings->handle()
#30 C:\\Users\\Asus\\Documents\\GitHub\\pinkappsys\\ADMIN\\vendor\\laravel\\framework\\src\\Illuminate\\Http\\Middleware\\ValidatePostSize.php(27): Illuminate\\Pipeline\\Pipeline->{closure:{closure:Illuminate\\Pipeline\\Pipeline::carry():183}:184}()
#31 C:\\Users\\Asus\\Documents\\GitHub\\pinkappsys\\ADMIN\\vendor\\laravel\\framework\\src\\Illuminate\\Pipeline\\Pipeline.php(208): Illuminate\\Http\\Middleware\\ValidatePostSize->handle()
#32 C:\\Users\\Asus\\Documents\\GitHub\\pinkappsys\\ADMIN\\vendor\\laravel\\framework\\src\\Illuminate\\Foundation\\Http\\Middleware\\PreventRequestsDuringMaintenance.php(109): Illuminate\\Pipeline\\Pipeline->{closure:{closure:Illuminate\\Pipeline\\Pipeline::carry():183}:184}()
#33 C:\\Users\\Asus\\Documents\\GitHub\\pinkappsys\\ADMIN\\vendor\\laravel\\framework\\src\\Illuminate\\Pipeline\\Pipeline.php(208): Illuminate\\Foundation\\Http\\Middleware\\PreventRequestsDuringMaintenance->handle()
#34 C:\\Users\\Asus\\Documents\\GitHub\\pinkappsys\\ADMIN\\vendor\\laravel\\framework\\src\\Illuminate\\Http\\Middleware\\HandleCors.php(48): Illuminate\\Pipeline\\Pipeline->{closure:{closure:Illuminate\\Pipeline\\Pipeline::carry():183}:184}()
#35 C:\\Users\\Asus\\Documents\\GitHub\\pinkappsys\\ADMIN\\vendor\\laravel\\framework\\src\\Illuminate\\Pipeline\\Pipeline.php(208): Illuminate\\Http\\Middleware\\HandleCors->handle()
#36 C:\\Users\\Asus\\Documents\\GitHub\\pinkappsys\\ADMIN\\vendor\\laravel\\framework\\src\\Illuminate\\Http\\Middleware\\TrustProxies.php(58): Illuminate\\Pipeline\\Pipeline->{closure:{closure:Illuminate\\Pipeline\\Pipeline::carry():183}:184}()
#37 C:\\Users\\Asus\\Documents\\GitHub\\pinkappsys\\ADMIN\\vendor\\laravel\\framework\\src\\Illuminate\\Pipeline\\Pipeline.php(208): Illuminate\\Http\\Middleware\\TrustProxies->handle()
#38 C:\\Users\\Asus\\Documents\\GitHub\\pinkappsys\\ADMIN\\vendor\\laravel\\framework\\src\\Illuminate\\Foundation\\Http\\Middleware\\InvokeDeferredCallbacks.php(22): Illuminate\\Pipeline\\Pipeline->{closure:{closure:Illuminate\\Pipeline\\Pipeline::carry():183}:184}()
#39 C:\\Users\\Asus\\Documents\\GitHub\\pinkappsys\\ADMIN\\vendor\\laravel\\framework\\src\\Illuminate\\Pipeline\\Pipeline.php(208): Illuminate\\Foundation\\Http\\Middleware\\InvokeDeferredCallbacks->handle()
#40 C:\\Users\\Asus\\Documents\\GitHub\\pinkappsys\\ADMIN\\vendor\\laravel\\framework\\src\\Illuminate\\Http\\Middleware\\ValidatePathEncoding.php(26): Illuminate\\Pipeline\\Pipeline->{closure:{closure:Illuminate\\Pipeline\\Pipeline::carry():183}:184}()
#41 C:\\Users\\Asus\\Documents\\GitHub\\pinkappsys\\ADMIN\\vendor\\laravel\\framework\\src\\Illuminate\\Pipeline\\Pipeline.php(208): Illuminate\\Http\\Middleware\\ValidatePathEncoding->handle()
#42 C:\\Users\\Asus\\Documents\\GitHub\\pinkappsys\\ADMIN\\vendor\\laravel\\framework\\src\\Illuminate\\Pipeline\\Pipeline.php(126): Illuminate\\Pipeline\\Pipeline->{closure:{closure:Illuminate\\Pipeline\\Pipeline::carry():183}:184}()
#43 C:\\Users\\Asus\\Documents\\GitHub\\pinkappsys\\ADMIN\\vendor\\laravel\\framework\\src\\Illuminate\\Foundation\\Http\\Kernel.php(175): Illuminate\\Pipeline\\Pipeline->then()
#44 C:\\Users\\Asus\\Documents\\GitHub\\pinkappsys\\ADMIN\\vendor\\laravel\\framework\\src\\Illuminate\\Foundation\\Http\\Kernel.php(144): Illuminate\\Foundation\\Http\\Kernel->sendRequestThroughRouter()
#45 C:\\Users\\Asus\\Documents\\GitHub\\pinkappsys\\ADMIN\\vendor\\laravel\\framework\\src\\Illuminate\\Foundation\\Application.php(1219): Illuminate\\Foundation\\Http\\Kernel->handle()
#46 C:\\Users\\Asus\\Documents\\GitHub\\pinkappsys\\ADMIN\\public\\index.php(20): Illuminate\\Foundation\\Application->handleRequest()
#47 C:\\Users\\Asus\\Documents\\GitHub\\pinkappsys\\ADMIN\\vendor\\laravel\\framework\\src\\Illuminate\\Foundation\\resources\\server.php(23): require_once('...')
#48 {main}
"} 
[2025-04-16 13:31:25] local.ERROR: No application encryption key has been specified. {"exception":"[object] (Illuminate\\Encryption\\MissingAppKeyException(code: 0): No application encryption key has been specified. at C:\\Users\\Asus\\Documents\\GitHub\\pinkappsys\\ADMIN\\vendor\\laravel\\framework\\src\\Illuminate\\Encryption\\EncryptionServiceProvider.php:83)
[stacktrace]
#0 C:\\Users\\Asus\\Documents\\GitHub\\pinkappsys\\ADMIN\\vendor\\laravel\\framework\\src\\Illuminate\\Support\\helpers.php(399): Illuminate\\Encryption\\EncryptionServiceProvider->{closure:Illuminate\\Encryption\\EncryptionServiceProvider::key():81}()
#1 C:\\Users\\Asus\\Documents\\GitHub\\pinkappsys\\ADMIN\\vendor\\laravel\\framework\\src\\Illuminate\\Encryption\\EncryptionServiceProvider.php(81): tap()
#2 C:\\Users\\Asus\\Documents\\GitHub\\pinkappsys\\ADMIN\\vendor\\laravel\\framework\\src\\Illuminate\\Encryption\\EncryptionServiceProvider.php(64): Illuminate\\Encryption\\EncryptionServiceProvider->key()
#3 C:\\Users\\Asus\\Documents\\GitHub\\pinkappsys\\ADMIN\\vendor\\laravel\\framework\\src\\Illuminate\\Encryption\\EncryptionServiceProvider.php(32): Illuminate\\Encryption\\EncryptionServiceProvider->parseKey()
#4 C:\\Users\\Asus\\Documents\\GitHub\\pinkappsys\\ADMIN\\vendor\\laravel\\framework\\src\\Illuminate\\Container\\Container.php(1010): Illuminate\\Encryption\\EncryptionServiceProvider->{closure:Illuminate\\Encryption\\EncryptionServiceProvider::registerEncrypter():29}()
#5 C:\\Users\\Asus\\Documents\\GitHub\\pinkappsys\\ADMIN\\vendor\\laravel\\framework\\src\\Illuminate\\Container\\Container.php(890): Illuminate\\Container\\Container->build()
#6 C:\\Users\\Asus\\Documents\\GitHub\\pinkappsys\\ADMIN\\vendor\\laravel\\framework\\src\\Illuminate\\Foundation\\Application.php(1077): Illuminate\\Container\\Container->resolve()
#7 C:\\Users\\Asus\\Documents\\GitHub\\pinkappsys\\ADMIN\\vendor\\laravel\\framework\\src\\Illuminate\\Container\\Container.php(821): Illuminate\\Foundation\\Application->resolve()
#8 C:\\Users\\Asus\\Documents\\GitHub\\pinkappsys\\ADMIN\\vendor\\laravel\\framework\\src\\Illuminate\\Foundation\\Application.php(1057): Illuminate\\Container\\Container->make()
#9 C:\\Users\\Asus\\Documents\\GitHub\\pinkappsys\\ADMIN\\vendor\\laravel\\framework\\src\\Illuminate\\Container\\Container.php(1202): Illuminate\\Foundation\\Application->make()
#10 C:\\Users\\Asus\\Documents\\GitHub\\pinkappsys\\ADMIN\\vendor\\laravel\\framework\\src\\Illuminate\\Container\\Container.php(1101): Illuminate\\Container\\Container->resolveClass()
#11 C:\\Users\\Asus\\Documents\\GitHub\\pinkappsys\\ADMIN\\vendor\\laravel\\framework\\src\\Illuminate\\Container\\Container.php(1052): Illuminate\\Container\\Container->resolveDependencies()
#12 C:\\Users\\Asus\\Documents\\GitHub\\pinkappsys\\ADMIN\\vendor\\laravel\\framework\\src\\Illuminate\\Container\\Container.php(890): Illuminate\\Container\\Container->build()
#13 C:\\Users\\Asus\\Documents\\GitHub\\pinkappsys\\ADMIN\\vendor\\laravel\\framework\\src\\Illuminate\\Foundation\\Application.php(1077): Illuminate\\Container\\Container->resolve()
#14 C:\\Users\\Asus\\Documents\\GitHub\\pinkappsys\\ADMIN\\vendor\\laravel\\framework\\src\\Illuminate\\Container\\Container.php(821): Illuminate\\Foundation\\Application->resolve()
#15 C:\\Users\\Asus\\Documents\\GitHub\\pinkappsys\\ADMIN\\vendor\\laravel\\framework\\src\\Illuminate\\Foundation\\Application.php(1057): Illuminate\\Container\\Container->make()
#16 C:\\Users\\Asus\\Documents\\GitHub\\pinkappsys\\ADMIN\\vendor\\laravel\\framework\\src\\Illuminate\\Foundation\\Http\\Kernel.php(257): Illuminate\\Foundation\\Application->make()
#17 C:\\Users\\Asus\\Documents\\GitHub\\pinkappsys\\ADMIN\\vendor\\laravel\\framework\\src\\Illuminate\\Foundation\\Http\\Kernel.php(215): Illuminate\\Foundation\\Http\\Kernel->terminateMiddleware()
#18 C:\\Users\\Asus\\Documents\\GitHub\\pinkappsys\\ADMIN\\vendor\\laravel\\framework\\src\\Illuminate\\Foundation\\Application.php(1221): Illuminate\\Foundation\\Http\\Kernel->terminate()
#19 C:\\Users\\Asus\\Documents\\GitHub\\pinkappsys\\ADMIN\\public\\index.php(20): Illuminate\\Foundation\\Application->handleRequest()
#20 C:\\Users\\Asus\\Documents\\GitHub\\pinkappsys\\ADMIN\\vendor\\laravel\\framework\\src\\Illuminate\\Foundation\\resources\\server.php(23): require_once('...')
#21 {main}
"} 
