[2025-04-16 13:51:17] local.ERROR: rename(C:\Users\Asus\Documents\GitHub\pinkappsys\smclothing\bootstrap\cache\pac5F30.tmp,C:\Users\Asus\Documents\GitHub\pinkappsys\smclothing\bootstrap\cache/packages.php): Access is denied (code: 5) {"exception":"[object] (ErrorException(code: 0): rename(C:\\Users\\Asus\\Documents\\GitHub\\pinkappsys\\smclothing\\bootstrap\\cache\\pac5F30.tmp,C:\\Users\\Asus\\Documents\\GitHub\\pinkappsys\\smclothing\\bootstrap\\cache/packages.php): Access is denied (code: 5) at C:\\Users\\Asus\\Documents\\GitHub\\pinkappsys\\smclothing\\vendor\\laravel\\framework\\src\\Illuminate\\Filesystem\\Filesystem.php:233)
[stacktrace]
#0 C:\\Users\\Asus\\Documents\\GitHub\\pinkappsys\\smclothing\\vendor\\laravel\\framework\\src\\Illuminate\\Foundation\\Bootstrap\\HandleExceptions.php(256): Illuminate\\Foundation\\Bootstrap\\HandleExceptions->handleError()
#1 [internal function]: Illuminate\\Foundation\\Bootstrap\\HandleExceptions->{closure:Illuminate\\Foundation\\Bootstrap\\HandleExceptions::forwardsTo():255}()
#2 C:\\Users\\Asus\\Documents\\GitHub\\pinkappsys\\smclothing\\vendor\\laravel\\framework\\src\\Illuminate\\Filesystem\\Filesystem.php(233): rename()
#3 C:\\Users\\Asus\\Documents\\GitHub\\pinkappsys\\smclothing\\vendor\\laravel\\framework\\src\\Illuminate\\Foundation\\PackageManifest.php(182): Illuminate\\Filesystem\\Filesystem->replace()
#4 C:\\Users\\Asus\\Documents\\GitHub\\pinkappsys\\smclothing\\vendor\\laravel\\framework\\src\\Illuminate\\Foundation\\PackageManifest.php(132): Illuminate\\Foundation\\PackageManifest->write()
#5 C:\\Users\\Asus\\Documents\\GitHub\\pinkappsys\\smclothing\\vendor\\laravel\\framework\\src\\Illuminate\\Foundation\\PackageManifest.php(108): Illuminate\\Foundation\\PackageManifest->build()
#6 C:\\Users\\Asus\\Documents\\GitHub\\pinkappsys\\smclothing\\vendor\\laravel\\framework\\src\\Illuminate\\Foundation\\PackageManifest.php(90): Illuminate\\Foundation\\PackageManifest->getManifest()
#7 C:\\Users\\Asus\\Documents\\GitHub\\pinkappsys\\smclothing\\vendor\\laravel\\framework\\src\\Illuminate\\Foundation\\PackageManifest.php(79): Illuminate\\Foundation\\PackageManifest->config()
#8 C:\\Users\\Asus\\Documents\\GitHub\\pinkappsys\\smclothing\\vendor\\laravel\\framework\\src\\Illuminate\\Foundation\\Bootstrap\\RegisterFacades.php(26): Illuminate\\Foundation\\PackageManifest->aliases()
#9 C:\\Users\\Asus\\Documents\\GitHub\\pinkappsys\\smclothing\\vendor\\laravel\\framework\\src\\Illuminate\\Foundation\\Application.php(341): Illuminate\\Foundation\\Bootstrap\\RegisterFacades->bootstrap()
#10 C:\\Users\\Asus\\Documents\\GitHub\\pinkappsys\\smclothing\\vendor\\laravel\\framework\\src\\Illuminate\\Foundation\\Console\\Kernel.php(473): Illuminate\\Foundation\\Application->bootstrapWith()
#11 C:\\Users\\Asus\\Documents\\GitHub\\pinkappsys\\smclothing\\vendor\\laravel\\framework\\src\\Illuminate\\Foundation\\Console\\Kernel.php(195): Illuminate\\Foundation\\Console\\Kernel->bootstrap()
#12 C:\\Users\\Asus\\Documents\\GitHub\\pinkappsys\\smclothing\\vendor\\laravel\\framework\\src\\Illuminate\\Foundation\\Application.php(1234): Illuminate\\Foundation\\Console\\Kernel->handle()
#13 C:\\Users\\Asus\\Documents\\GitHub\\pinkappsys\\smclothing\\artisan(16): Illuminate\\Foundation\\Application->handleCommand()
#14 {main}
"} 
[2025-04-16 13:54:46] local.ERROR: No application encryption key has been specified. {"exception":"[object] (Illuminate\\Encryption\\MissingAppKeyException(code: 0): No application encryption key has been specified. at C:\\Users\\Asus\\Documents\\GitHub\\pinkappsys\\smclothing\\vendor\\laravel\\framework\\src\\Illuminate\\Encryption\\EncryptionServiceProvider.php:83)
[stacktrace]
#0 C:\\Users\\Asus\\Documents\\GitHub\\pinkappsys\\smclothing\\vendor\\laravel\\framework\\src\\Illuminate\\Support\\helpers.php(399): Illuminate\\Encryption\\EncryptionServiceProvider->{closure:Illuminate\\Encryption\\EncryptionServiceProvider::key():81}()
#1 C:\\Users\\Asus\\Documents\\GitHub\\pinkappsys\\smclothing\\vendor\\laravel\\framework\\src\\Illuminate\\Encryption\\EncryptionServiceProvider.php(81): tap()
#2 C:\\Users\\Asus\\Documents\\GitHub\\pinkappsys\\smclothing\\vendor\\laravel\\framework\\src\\Illuminate\\Encryption\\EncryptionServiceProvider.php(64): Illuminate\\Encryption\\EncryptionServiceProvider->key()
#3 C:\\Users\\Asus\\Documents\\GitHub\\pinkappsys\\smclothing\\vendor\\laravel\\framework\\src\\Illuminate\\Encryption\\EncryptionServiceProvider.php(32): Illuminate\\Encryption\\EncryptionServiceProvider->parseKey()
#4 C:\\Users\\Asus\\Documents\\GitHub\\pinkappsys\\smclothing\\vendor\\laravel\\framework\\src\\Illuminate\\Container\\Container.php(1010): Illuminate\\Encryption\\EncryptionServiceProvider->{closure:Illuminate\\Encryption\\EncryptionServiceProvider::registerEncrypter():29}()
#5 C:\\Users\\Asus\\Documents\\GitHub\\pinkappsys\\smclothing\\vendor\\laravel\\framework\\src\\Illuminate\\Container\\Container.php(890): Illuminate\\Container\\Container->build()
#6 C:\\Users\\Asus\\Documents\\GitHub\\pinkappsys\\smclothing\\vendor\\laravel\\framework\\src\\Illuminate\\Foundation\\Application.php(1077): Illuminate\\Container\\Container->resolve()
#7 C:\\Users\\Asus\\Documents\\GitHub\\pinkappsys\\smclothing\\vendor\\laravel\\framework\\src\\Illuminate\\Container\\Container.php(821): Illuminate\\Foundation\\Application->resolve()
#8 C:\\Users\\Asus\\Documents\\GitHub\\pinkappsys\\smclothing\\vendor\\laravel\\framework\\src\\Illuminate\\Foundation\\Application.php(1057): Illuminate\\Container\\Container->make()
#9 C:\\Users\\Asus\\Documents\\GitHub\\pinkappsys\\smclothing\\vendor\\laravel\\framework\\src\\Illuminate\\Container\\Container.php(1202): Illuminate\\Foundation\\Application->make()
#10 C:\\Users\\Asus\\Documents\\GitHub\\pinkappsys\\smclothing\\vendor\\laravel\\framework\\src\\Illuminate\\Container\\Container.php(1101): Illuminate\\Container\\Container->resolveClass()
#11 C:\\Users\\Asus\\Documents\\GitHub\\pinkappsys\\smclothing\\vendor\\laravel\\framework\\src\\Illuminate\\Container\\Container.php(1052): Illuminate\\Container\\Container->resolveDependencies()
#12 C:\\Users\\Asus\\Documents\\GitHub\\pinkappsys\\smclothing\\vendor\\laravel\\framework\\src\\Illuminate\\Container\\Container.php(890): Illuminate\\Container\\Container->build()
#13 C:\\Users\\Asus\\Documents\\GitHub\\pinkappsys\\smclothing\\vendor\\laravel\\framework\\src\\Illuminate\\Foundation\\Application.php(1077): Illuminate\\Container\\Container->resolve()
#14 C:\\Users\\Asus\\Documents\\GitHub\\pinkappsys\\smclothing\\vendor\\laravel\\framework\\src\\Illuminate\\Container\\Container.php(821): Illuminate\\Foundation\\Application->resolve()
#15 C:\\Users\\Asus\\Documents\\GitHub\\pinkappsys\\smclothing\\vendor\\laravel\\framework\\src\\Illuminate\\Foundation\\Application.php(1057): Illuminate\\Container\\Container->make()
#16 C:\\Users\\Asus\\Documents\\GitHub\\pinkappsys\\smclothing\\vendor\\laravel\\framework\\src\\Illuminate\\Pipeline\\Pipeline.php(197): Illuminate\\Foundation\\Application->make()
#17 C:\\Users\\Asus\\Documents\\GitHub\\pinkappsys\\smclothing\\vendor\\laravel\\framework\\src\\Illuminate\\Pipeline\\Pipeline.php(126): Illuminate\\Pipeline\\Pipeline->{closure:{closure:Illuminate\\Pipeline\\Pipeline::carry():183}:184}()
#18 C:\\Users\\Asus\\Documents\\GitHub\\pinkappsys\\smclothing\\vendor\\laravel\\framework\\src\\Illuminate\\Routing\\Router.php(807): Illuminate\\Pipeline\\Pipeline->then()
#19 C:\\Users\\Asus\\Documents\\GitHub\\pinkappsys\\smclothing\\vendor\\laravel\\framework\\src\\Illuminate\\Routing\\Router.php(786): Illuminate\\Routing\\Router->runRouteWithinStack()
#20 C:\\Users\\Asus\\Documents\\GitHub\\pinkappsys\\smclothing\\vendor\\laravel\\framework\\src\\Illuminate\\Routing\\Router.php(750): Illuminate\\Routing\\Router->runRoute()
#21 C:\\Users\\Asus\\Documents\\GitHub\\pinkappsys\\smclothing\\vendor\\laravel\\framework\\src\\Illuminate\\Routing\\Router.php(739): Illuminate\\Routing\\Router->dispatchToRoute()
#22 C:\\Users\\Asus\\Documents\\GitHub\\pinkappsys\\smclothing\\vendor\\laravel\\framework\\src\\Illuminate\\Foundation\\Http\\Kernel.php(200): Illuminate\\Routing\\Router->dispatch()
#23 C:\\Users\\Asus\\Documents\\GitHub\\pinkappsys\\smclothing\\vendor\\laravel\\framework\\src\\Illuminate\\Pipeline\\Pipeline.php(169): Illuminate\\Foundation\\Http\\Kernel->{closure:Illuminate\\Foundation\\Http\\Kernel::dispatchToRouter():197}()
#24 C:\\Users\\Asus\\Documents\\GitHub\\pinkappsys\\smclothing\\vendor\\laravel\\framework\\src\\Illuminate\\Foundation\\Http\\Middleware\\TransformsRequest.php(21): Illuminate\\Pipeline\\Pipeline->{closure:Illuminate\\Pipeline\\Pipeline::prepareDestination():167}()
#25 C:\\Users\\Asus\\Documents\\GitHub\\pinkappsys\\smclothing\\vendor\\laravel\\framework\\src\\Illuminate\\Foundation\\Http\\Middleware\\ConvertEmptyStringsToNull.php(31): Illuminate\\Foundation\\Http\\Middleware\\TransformsRequest->handle()
#26 C:\\Users\\Asus\\Documents\\GitHub\\pinkappsys\\smclothing\\vendor\\laravel\\framework\\src\\Illuminate\\Pipeline\\Pipeline.php(208): Illuminate\\Foundation\\Http\\Middleware\\ConvertEmptyStringsToNull->handle()
#27 C:\\Users\\Asus\\Documents\\GitHub\\pinkappsys\\smclothing\\vendor\\laravel\\framework\\src\\Illuminate\\Foundation\\Http\\Middleware\\TransformsRequest.php(21): Illuminate\\Pipeline\\Pipeline->{closure:{closure:Illuminate\\Pipeline\\Pipeline::carry():183}:184}()
#28 C:\\Users\\Asus\\Documents\\GitHub\\pinkappsys\\smclothing\\vendor\\laravel\\framework\\src\\Illuminate\\Foundation\\Http\\Middleware\\TrimStrings.php(51): Illuminate\\Foundation\\Http\\Middleware\\TransformsRequest->handle()
#29 C:\\Users\\Asus\\Documents\\GitHub\\pinkappsys\\smclothing\\vendor\\laravel\\framework\\src\\Illuminate\\Pipeline\\Pipeline.php(208): Illuminate\\Foundation\\Http\\Middleware\\TrimStrings->handle()
#30 C:\\Users\\Asus\\Documents\\GitHub\\pinkappsys\\smclothing\\vendor\\laravel\\framework\\src\\Illuminate\\Http\\Middleware\\ValidatePostSize.php(27): Illuminate\\Pipeline\\Pipeline->{closure:{closure:Illuminate\\Pipeline\\Pipeline::carry():183}:184}()
#31 C:\\Users\\Asus\\Documents\\GitHub\\pinkappsys\\smclothing\\vendor\\laravel\\framework\\src\\Illuminate\\Pipeline\\Pipeline.php(208): Illuminate\\Http\\Middleware\\ValidatePostSize->handle()
#32 C:\\Users\\Asus\\Documents\\GitHub\\pinkappsys\\smclothing\\vendor\\laravel\\framework\\src\\Illuminate\\Foundation\\Http\\Middleware\\PreventRequestsDuringMaintenance.php(109): Illuminate\\Pipeline\\Pipeline->{closure:{closure:Illuminate\\Pipeline\\Pipeline::carry():183}:184}()
#33 C:\\Users\\Asus\\Documents\\GitHub\\pinkappsys\\smclothing\\vendor\\laravel\\framework\\src\\Illuminate\\Pipeline\\Pipeline.php(208): Illuminate\\Foundation\\Http\\Middleware\\PreventRequestsDuringMaintenance->handle()
#34 C:\\Users\\Asus\\Documents\\GitHub\\pinkappsys\\smclothing\\vendor\\laravel\\framework\\src\\Illuminate\\Http\\Middleware\\HandleCors.php(48): Illuminate\\Pipeline\\Pipeline->{closure:{closure:Illuminate\\Pipeline\\Pipeline::carry():183}:184}()
#35 C:\\Users\\Asus\\Documents\\GitHub\\pinkappsys\\smclothing\\vendor\\laravel\\framework\\src\\Illuminate\\Pipeline\\Pipeline.php(208): Illuminate\\Http\\Middleware\\HandleCors->handle()
#36 C:\\Users\\Asus\\Documents\\GitHub\\pinkappsys\\smclothing\\vendor\\laravel\\framework\\src\\Illuminate\\Http\\Middleware\\TrustProxies.php(58): Illuminate\\Pipeline\\Pipeline->{closure:{closure:Illuminate\\Pipeline\\Pipeline::carry():183}:184}()
#37 C:\\Users\\Asus\\Documents\\GitHub\\pinkappsys\\smclothing\\vendor\\laravel\\framework\\src\\Illuminate\\Pipeline\\Pipeline.php(208): Illuminate\\Http\\Middleware\\TrustProxies->handle()
#38 C:\\Users\\Asus\\Documents\\GitHub\\pinkappsys\\smclothing\\vendor\\laravel\\framework\\src\\Illuminate\\Foundation\\Http\\Middleware\\InvokeDeferredCallbacks.php(22): Illuminate\\Pipeline\\Pipeline->{closure:{closure:Illuminate\\Pipeline\\Pipeline::carry():183}:184}()
#39 C:\\Users\\Asus\\Documents\\GitHub\\pinkappsys\\smclothing\\vendor\\laravel\\framework\\src\\Illuminate\\Pipeline\\Pipeline.php(208): Illuminate\\Foundation\\Http\\Middleware\\InvokeDeferredCallbacks->handle()
#40 C:\\Users\\Asus\\Documents\\GitHub\\pinkappsys\\smclothing\\vendor\\laravel\\framework\\src\\Illuminate\\Http\\Middleware\\ValidatePathEncoding.php(26): Illuminate\\Pipeline\\Pipeline->{closure:{closure:Illuminate\\Pipeline\\Pipeline::carry():183}:184}()
#41 C:\\Users\\Asus\\Documents\\GitHub\\pinkappsys\\smclothing\\vendor\\laravel\\framework\\src\\Illuminate\\Pipeline\\Pipeline.php(208): Illuminate\\Http\\Middleware\\ValidatePathEncoding->handle()
#42 C:\\Users\\Asus\\Documents\\GitHub\\pinkappsys\\smclothing\\vendor\\laravel\\framework\\src\\Illuminate\\Pipeline\\Pipeline.php(126): Illuminate\\Pipeline\\Pipeline->{closure:{closure:Illuminate\\Pipeline\\Pipeline::carry():183}:184}()
#43 C:\\Users\\Asus\\Documents\\GitHub\\pinkappsys\\smclothing\\vendor\\laravel\\framework\\src\\Illuminate\\Foundation\\Http\\Kernel.php(175): Illuminate\\Pipeline\\Pipeline->then()
#44 C:\\Users\\Asus\\Documents\\GitHub\\pinkappsys\\smclothing\\vendor\\laravel\\framework\\src\\Illuminate\\Foundation\\Http\\Kernel.php(144): Illuminate\\Foundation\\Http\\Kernel->sendRequestThroughRouter()
#45 C:\\Users\\Asus\\Documents\\GitHub\\pinkappsys\\smclothing\\vendor\\laravel\\framework\\src\\Illuminate\\Foundation\\Application.php(1219): Illuminate\\Foundation\\Http\\Kernel->handle()
#46 C:\\Users\\Asus\\Documents\\GitHub\\pinkappsys\\smclothing\\public\\index.php(20): Illuminate\\Foundation\\Application->handleRequest()
#47 C:\\Users\\Asus\\Documents\\GitHub\\pinkappsys\\smclothing\\vendor\\laravel\\framework\\src\\Illuminate\\Foundation\\resources\\server.php(23): require_once('...')
#48 {main}
"} 
[2025-04-16 13:54:51] local.ERROR: No application encryption key has been specified. {"exception":"[object] (Illuminate\\Encryption\\MissingAppKeyException(code: 0): No application encryption key has been specified. at C:\\Users\\Asus\\Documents\\GitHub\\pinkappsys\\smclothing\\vendor\\laravel\\framework\\src\\Illuminate\\Encryption\\EncryptionServiceProvider.php:83)
[stacktrace]
#0 C:\\Users\\Asus\\Documents\\GitHub\\pinkappsys\\smclothing\\vendor\\laravel\\framework\\src\\Illuminate\\Support\\helpers.php(399): Illuminate\\Encryption\\EncryptionServiceProvider->{closure:Illuminate\\Encryption\\EncryptionServiceProvider::key():81}()
#1 C:\\Users\\Asus\\Documents\\GitHub\\pinkappsys\\smclothing\\vendor\\laravel\\framework\\src\\Illuminate\\Encryption\\EncryptionServiceProvider.php(81): tap()
#2 C:\\Users\\Asus\\Documents\\GitHub\\pinkappsys\\smclothing\\vendor\\laravel\\framework\\src\\Illuminate\\Encryption\\EncryptionServiceProvider.php(64): Illuminate\\Encryption\\EncryptionServiceProvider->key()
#3 C:\\Users\\Asus\\Documents\\GitHub\\pinkappsys\\smclothing\\vendor\\laravel\\framework\\src\\Illuminate\\Encryption\\EncryptionServiceProvider.php(32): Illuminate\\Encryption\\EncryptionServiceProvider->parseKey()
#4 C:\\Users\\Asus\\Documents\\GitHub\\pinkappsys\\smclothing\\vendor\\laravel\\framework\\src\\Illuminate\\Container\\Container.php(1010): Illuminate\\Encryption\\EncryptionServiceProvider->{closure:Illuminate\\Encryption\\EncryptionServiceProvider::registerEncrypter():29}()
#5 C:\\Users\\Asus\\Documents\\GitHub\\pinkappsys\\smclothing\\vendor\\laravel\\framework\\src\\Illuminate\\Container\\Container.php(890): Illuminate\\Container\\Container->build()
#6 C:\\Users\\Asus\\Documents\\GitHub\\pinkappsys\\smclothing\\vendor\\laravel\\framework\\src\\Illuminate\\Foundation\\Application.php(1077): Illuminate\\Container\\Container->resolve()
#7 C:\\Users\\Asus\\Documents\\GitHub\\pinkappsys\\smclothing\\vendor\\laravel\\framework\\src\\Illuminate\\Container\\Container.php(821): Illuminate\\Foundation\\Application->resolve()
#8 C:\\Users\\Asus\\Documents\\GitHub\\pinkappsys\\smclothing\\vendor\\laravel\\framework\\src\\Illuminate\\Foundation\\Application.php(1057): Illuminate\\Container\\Container->make()
#9 C:\\Users\\Asus\\Documents\\GitHub\\pinkappsys\\smclothing\\vendor\\laravel\\framework\\src\\Illuminate\\Container\\Container.php(1202): Illuminate\\Foundation\\Application->make()
#10 C:\\Users\\Asus\\Documents\\GitHub\\pinkappsys\\smclothing\\vendor\\laravel\\framework\\src\\Illuminate\\Container\\Container.php(1101): Illuminate\\Container\\Container->resolveClass()
#11 C:\\Users\\Asus\\Documents\\GitHub\\pinkappsys\\smclothing\\vendor\\laravel\\framework\\src\\Illuminate\\Container\\Container.php(1052): Illuminate\\Container\\Container->resolveDependencies()
#12 C:\\Users\\Asus\\Documents\\GitHub\\pinkappsys\\smclothing\\vendor\\laravel\\framework\\src\\Illuminate\\Container\\Container.php(890): Illuminate\\Container\\Container->build()
#13 C:\\Users\\Asus\\Documents\\GitHub\\pinkappsys\\smclothing\\vendor\\laravel\\framework\\src\\Illuminate\\Foundation\\Application.php(1077): Illuminate\\Container\\Container->resolve()
#14 C:\\Users\\Asus\\Documents\\GitHub\\pinkappsys\\smclothing\\vendor\\laravel\\framework\\src\\Illuminate\\Container\\Container.php(821): Illuminate\\Foundation\\Application->resolve()
#15 C:\\Users\\Asus\\Documents\\GitHub\\pinkappsys\\smclothing\\vendor\\laravel\\framework\\src\\Illuminate\\Foundation\\Application.php(1057): Illuminate\\Container\\Container->make()
#16 C:\\Users\\Asus\\Documents\\GitHub\\pinkappsys\\smclothing\\vendor\\laravel\\framework\\src\\Illuminate\\Foundation\\Http\\Kernel.php(257): Illuminate\\Foundation\\Application->make()
#17 C:\\Users\\Asus\\Documents\\GitHub\\pinkappsys\\smclothing\\vendor\\laravel\\framework\\src\\Illuminate\\Foundation\\Http\\Kernel.php(215): Illuminate\\Foundation\\Http\\Kernel->terminateMiddleware()
#18 C:\\Users\\Asus\\Documents\\GitHub\\pinkappsys\\smclothing\\vendor\\laravel\\framework\\src\\Illuminate\\Foundation\\Application.php(1221): Illuminate\\Foundation\\Http\\Kernel->terminate()
#19 C:\\Users\\Asus\\Documents\\GitHub\\pinkappsys\\smclothing\\public\\index.php(20): Illuminate\\Foundation\\Application->handleRequest()
#20 C:\\Users\\Asus\\Documents\\GitHub\\pinkappsys\\smclothing\\vendor\\laravel\\framework\\src\\Illuminate\\Foundation\\resources\\server.php(23): require_once('...')
#21 {main}
"} 
